Component: ARM Compiler 5.06 update 3 (build 300) Tool: armlink [4d35c9]

==============================================================================

Section Cross References

    hw_init.o(i.DMA1_Channel3_IRQHandler) refers to stm32f10x_dma.o(i.DMA_GetITStatus) for DMA_GetITStatus
    hw_init.o(i.DMA1_Channel3_IRQHandler) refers to stm32f10x_dma.o(i.DMA_Cmd) for DMA_Cmd
    hw_init.o(i.DMA1_Channel3_IRQHandler) refers to stm32f10x_dma.o(i.DMA_ClearITPendingBit) for DMA_ClearITPendingBit
    hw_init.o(i.GPIO_Input_Config) refers to stm32f10x_gpio.o(i.GPIO_Init) for GPIO_Init
    hw_init.o(i.GPIO_Output_Config) refers to stm32f10x_gpio.o(i.GPIO_Init) for GPIO_Init
    hw_init.o(i.GPIO_Output_Config) refers to stm32f10x_gpio.o(i.GPIO_ResetBits) for GPIO_ResetBits
    hw_init.o(i.GPS_Config) refers to stm32f10x_rcc.o(i.RCC_APB1PeriphClockCmd) for RCC_APB1PeriphClockCmd
    hw_init.o(i.GPS_Config) refers to stm32f10x_rcc.o(i.RCC_APB2PeriphClockCmd) for RCC_APB2PeriphClockCmd
    hw_init.o(i.GPS_Config) refers to stm32f10x_gpio.o(i.GPIO_Init) for GPIO_Init
    hw_init.o(i.GPS_Config) refers to stm32f10x_gpio.o(i.GPIO_SetBits) for GPIO_SetBits
    hw_init.o(i.GPS_Config) refers to stm32f10x_usart.o(i.USART_Init) for USART_Init
    hw_init.o(i.GPS_Config) refers to stm32f10x_usart.o(i.USART_ITConfig) for USART_ITConfig
    hw_init.o(i.GPS_Config) refers to stm32f10x_usart.o(i.USART_Cmd) for USART_Cmd
    hw_init.o(i.GPS_Config) refers to stm32f10x_usart.o(i.USART_ClearFlag) for USART_ClearFlag
    hw_init.o(i.I2411E_Config) refers to stm32f10x_rcc.o(i.RCC_APB1PeriphClockCmd) for RCC_APB1PeriphClockCmd
    hw_init.o(i.I2411E_Config) refers to stm32f10x_rcc.o(i.RCC_APB2PeriphClockCmd) for RCC_APB2PeriphClockCmd
    hw_init.o(i.I2411E_Config) refers to stm32f10x_gpio.o(i.GPIO_Init) for GPIO_Init
    hw_init.o(i.I2411E_Config) refers to stm32f10x_usart.o(i.USART_Init) for USART_Init
    hw_init.o(i.I2411E_Config) refers to stm32f10x_usart.o(i.USART_ITConfig) for USART_ITConfig
    hw_init.o(i.I2411E_Config) refers to stm32f10x_usart.o(i.USART_Cmd) for USART_Cmd
    hw_init.o(i.I2411E_Config) refers to stm32f10x_usart.o(i.USART_ClearFlag) for USART_ClearFlag
    hw_init.o(i.IWDG_Config) refers to stm32f10x_iwdg.o(i.IWDG_WriteAccessCmd) for IWDG_WriteAccessCmd
    hw_init.o(i.IWDG_Config) refers to stm32f10x_iwdg.o(i.IWDG_SetPrescaler) for IWDG_SetPrescaler
    hw_init.o(i.IWDG_Config) refers to stm32f10x_iwdg.o(i.IWDG_SetReload) for IWDG_SetReload
    hw_init.o(i.IWDG_Config) refers to stm32f10x_iwdg.o(i.IWDG_ReloadCounter) for IWDG_ReloadCounter
    hw_init.o(i.IWDG_Config) refers to stm32f10x_iwdg.o(i.IWDG_Enable) for IWDG_Enable
    hw_init.o(i.M35_Config) refers to stm32f10x_rcc.o(i.RCC_APB1PeriphClockCmd) for RCC_APB1PeriphClockCmd
    hw_init.o(i.M35_Config) refers to stm32f10x_rcc.o(i.RCC_APB2PeriphClockCmd) for RCC_APB2PeriphClockCmd
    hw_init.o(i.M35_Config) refers to stm32f10x_gpio.o(i.GPIO_Init) for GPIO_Init
    hw_init.o(i.M35_Config) refers to stm32f10x_gpio.o(i.GPIO_ResetBits) for GPIO_ResetBits
    hw_init.o(i.M35_Config) refers to stm32f10x_usart.o(i.USART_Init) for USART_Init
    hw_init.o(i.M35_Config) refers to stm32f10x_usart.o(i.USART_ITConfig) for USART_ITConfig
    hw_init.o(i.M35_Config) refers to stm32f10x_usart.o(i.USART_Cmd) for USART_Cmd
    hw_init.o(i.M35_Config) refers to stm32f10x_usart.o(i.USART_ClearFlag) for USART_ClearFlag
    hw_init.o(i.MCU_Initialize) refers to hw_init.o(i.RCC_Config) for RCC_Config
    hw_init.o(i.MCU_Initialize) refers to hw_init.o(i.DEBUG_Config) for DEBUG_Config
    hw_init.o(i.MCU_Initialize) refers to hw_init.o(i.XFS_Config) for XFS_Config
    hw_init.o(i.MCU_Initialize) refers to queue.o(i.QueueCreate) for QueueCreate
    hw_init.o(i.MCU_Initialize) refers to hw_init.o(i.GPS_Config) for GPS_Config
    hw_init.o(i.MCU_Initialize) refers to hw_init.o(i.RJMU101_Config) for RJMU101_Config
    hw_init.o(i.MCU_Initialize) refers to hw_init.o(i.I2411E_Config) for I2411E_Config
    hw_init.o(i.MCU_Initialize) refers to hw_init.o(i.M35_Config) for M35_Config
    hw_init.o(i.MCU_Initialize) refers to hw_init.o(i.TIM2_Config) for TIM2_Config
    hw_init.o(i.MCU_Initialize) refers to hw_init.o(i.TIM3_Config) for TIM3_Config
    hw_init.o(i.MCU_Initialize) refers to hw_init.o(i.TIM4_Config) for TIM4_Config
    hw_init.o(i.MCU_Initialize) refers to hw_init.o(i.MX25L128_GPIO_Config) for MX25L128_GPIO_Config
    hw_init.o(i.MCU_Initialize) refers to flash_user.o(i.MX25L128_Initialize) for MX25L128_Initialize
    hw_init.o(i.MCU_Initialize) refers to stm32flash.o(i.STMFLASH_Read) for STMFLASH_Read
    hw_init.o(i.MCU_Initialize) refers to hw_init.o(i.SI4432_GPIO_Config) for SI4432_GPIO_Config
    hw_init.o(i.MCU_Initialize) refers to radio_driver.o(i.Si4432_Initialize) for Si4432_Initialize
    hw_init.o(i.MCU_Initialize) refers to radio_user.o(i.Si4432_SendTimer) for Si4432_SendTimer
[...]
    XFS_WriteBuffer                          0x08015241   Thumb Code   774  speech.o(i.XFS_WriteBuffer)
    __0sprintf                               0x0801555d   Thumb Code    34  printfa.o(i.__0sprintf)
    __1sprintf                               0x0801555d   Thumb Code     0  printfa.o(i.__0sprintf)
    __2sprintf                               0x0801555d   Thumb Code     0  printfa.o(i.__0sprintf)
    __c89sprintf                             0x0801555d   Thumb Code     0  printfa.o(i.__0sprintf)
    sprintf                                  0x0801555d   Thumb Code     0  printfa.o(i.__0sprintf)
    __aeabi_errno_addr                       0x08015585   Thumb Code     4  errno.o(i.__aeabi_errno_addr)
    __rt_errno_addr                          0x08015585   Thumb Code     0  errno.o(i.__aeabi_errno_addr)
    __read_errno                             0x0801558d   Thumb Code     6  errno.o(i.__read_errno)
    __scatterload_copy                       0x08015599   Thumb Code    14  handlers.o(i.__scatterload_copy)
    __scatterload_null                       0x080155a7   Thumb Code     2  handlers.o(i.__scatterload_null)
    __scatterload_zeroinit                   0x080155a9   Thumb Code    14  handlers.o(i.__scatterload_zeroinit)
    __set_errno                              0x080155b9   Thumb Code     6  errno.o(i.__set_errno)
    _is_digit                                0x08015749   Thumb Code    14  scanf_fp.o(i._is_digit)
    atof                                     0x08015e91   Thumb Code    42  atof.o(i.atof)
    belt_json_packet                         0x08015ebd   Thumb Code   126  gtw_policeapp.o(i.belt_json_packet)
    decoder_carno                            0x08015f5d   Thumb Code   524  decoding_carno.o(i.decoder_carno)
    distance_json_packet                     0x08016175   Thumb Code   120  gtw_userapp.o(i.distance_json_packet)
    eTicket_VoicePrompt                      0x08016211   Thumb Code    48  gtw_policeapp.o(i.eTicket_VoicePrompt)
    free                                     0x08016275   Thumb Code    76  malloc.o(i.free)
    get_crc16                                0x080162c5   Thumb Code   150  hw_init.o(i.get_crc16)
    illegal_json_packet                      0x0801635d   Thumb Code   434  gtw_userapp.o(i.illegal_json_packet)
    is_empty                                 0x080165ad   Thumb Code    16  elecdriverlic.o(i.is_empty)
    is_emptyApplyData                        0x080165bd   Thumb Code    60  elecdriverlic.o(i.is_emptyApplyData)
    main                                     0x08016609   Thumb Code   270  main.o(i.main)
    malloc                                   0x08016789   Thumb Code    92  malloc.o(i.malloc)
    obd_json_packet                          0x080167f5   Thumb Code   146  gtw_policeapp.o(i.obd_json_packet)
    total_distance                           0x080168a9   Thumb Code   136  gps_driver.o(i.total_distance)
    usb_SendBuf                              0x08016945   Thumb Code    32  usb_main.o(i.usb_SendBuf)
    __ver_id                                 0x08016964   Data          10  hw_init.o(.constdata)
    __pcb_ver_id                             0x0801696e   Data           4  hw_init.o(.constdata)
    CARNO2CHAR                               0x08016a23   Data          36  decoding_carno.o(.constdata)
    CARNO2PROVICE                            0x08016a47   Data          65  decoding_carno.o(.constdata)
    PROVICEUTF8                              0x08016a88   Data          96  decoding_carno.o(.constdata)
    table_week                               0x08016ae8   Data          12  calendar.o(.constdata)
    mon_table                                0x08016af4   Data          12  calendar.o(.constdata)
    OSCfg_IdleTaskStkBasePtr                 0x08016b00   Data           4  os_cfg_app.o(.constdata)
    OSCfg_IdleTaskStkLimit                   0x08016b04   Data           4  os_cfg_app.o(.constdata)
    OSCfg_IdleTaskStkSize                    0x08016b08   Data           4  os_cfg_app.o(.constdata)
    OSCfg_IdleTaskStkSizeRAM                 0x08016b0c   Data           4  os_cfg_app.o(.constdata)
    OSCfg_IntQBasePtr                        0x08016b10   Data           4  os_cfg_app.o(.constdata)
    OSCfg_IntQSize                           0x08016b14   Data           2  os_cfg_app.o(.constdata)
    OSCfg_IntQSizeRAM                        0x08016b18   Data           4  os_cfg_app.o(.constdata)
    OSCfg_IntQTaskStkBasePtr                 0x08016b1c   Data           4  os_cfg_app.o(.constdata)
    OSCfg_IntQTaskStkLimit                   0x08016b20   Data           4  os_cfg_app.o(.constdata)
    OSCfg_IntQTaskStkSize                    0x08016b24   Data           4  os_cfg_app.o(.constdata)
    OSCfg_IntQTaskStkSizeRAM                 0x08016b28   Data           4  os_cfg_app.o(.constdata)
    OSCfg_ISRStkBasePtr                      0x08016b2c   Data           4  os_cfg_app.o(.constdata)
    OSCfg_ISRStkSize                         0x08016b30   Data           4  os_cfg_app.o(.constdata)
    OSCfg_ISRStkSizeRAM                      0x08016b34   Data           4  os_cfg_app.o(.constdata)
    OSCfg_MsgPoolSize                        0x08016b38   Data           2  os_cfg_app.o(.constdata)
    OSCfg_MsgPoolSizeRAM                     0x08016b3c   Data           4  os_cfg_app.o(.constdata)
    OSCfg_MsgPoolBasePtr                     0x08016b40   Data           4  os_cfg_app.o(.constdata)
    OSCfg_StatTaskPrio                       0x08016b44   Data           1  os_cfg_app.o(.constdata)
    OSCfg_StatTaskRate_Hz                    0x08016b48   Data           4  os_cfg_app.o(.constdata)
    OSCfg_StatTaskStkBasePtr                 0x08016b4c   Data           4  os_cfg_app.o(.constdata)
    OSCfg_StatTaskStkLimit                   0x08016b50   Data           4  os_cfg_app.o(.constdata)
    OSCfg_StatTaskStkSize                    0x08016b54   Data           4  os_cfg_app.o(.constdata)
    OSCfg_StatTaskStkSizeRAM                 0x08016b58   Data           4  os_cfg_app.o(.constdata)
    OSCfg_StkSizeMin                         0x08016b5c   Data           4  os_cfg_app.o(.constdata)
    OSCfg_TickRate_Hz                        0x08016b60   Data           4  os_cfg_app.o(.constdata)
    OSCfg_TickTaskPrio                       0x08016b64   Data           1  os_cfg_app.o(.constdata)
    OSCfg_TickTaskStkBasePtr                 0x08016b68   Data           4  os_cfg_app.o(.constdata)
    OSCfg_TickTaskStkLimit                   0x08016b6c   Data           4  os_cfg_app.o(.constdata)
    OSCfg_TickTaskStkSize                    0x08016b70   Data           4  os_cfg_app.o(.constdata)
    OSCfg_TickTaskStkSizeRAM                 0x08016b74   Data           4  os_cfg_app.o(.constdata)
    OSCfg_TickWheelSize                      0x08016b78   Data           2  os_cfg_app.o(.constdata)
    OSCfg_TickWheelSizeRAM                   0x08016b7c   Data           4  os_cfg_app.o(.constdata)
    OSCfg_TmrTaskPrio                        0x08016b80   Data           1  os_cfg_app.o(.constdata)
    OSCfg_TmrTaskRate_Hz                     0x08016b84   Data           4  os_cfg_app.o(.constdata)
    OSCfg_TmrTaskStkBasePtr                  0x08016b88   Data           4  os_cfg_app.o(.constdata)
    OSCfg_TmrTaskStkLimit                    0x08016b8c   Data           4  os_cfg_app.o(.constdata)
    OSCfg_TmrTaskStkSize                     0x08016b90   Data           4  os_cfg_app.o(.constdata)
    OSCfg_TmrTaskStkSizeRAM                  0x08016b94   Data           4  os_cfg_app.o(.constdata)
    OSCfg_TmrWheelSize                       0x08016b98   Data           2  os_cfg_app.o(.constdata)
    OSCfg_TmrWheelSizeRAM                    0x08016b9c   Data           4  os_cfg_app.o(.constdata)
    OSCfg_DataSizeRAM                        0x08016ba0   Data           4  os_cfg_app.o(.constdata)
    USB_DeviceDescriptor                     0x08016ba4   Data          18  usb_desc.o(.constdata)
    USB_ConfigDescriptor                     0x08016bb6   Data          67  usb_desc.o(.constdata)
    USB_StringLangID                         0x08016bf9   Data           4  usb_desc.o(.constdata)
    USB_StringVendor                         0x08016bfd   Data          38  usb_desc.o(.constdata)
    USB_StringProduct                        0x08016c23   Data          32  usb_desc.o(.constdata)
    __ctype_table                            0x08016c43   Data         129  ctype_o.o(.constdata)
    Region$$Table$$Base                      0x080170ac   Number         0  anon$$obj.o(Region$$Table)
    Region$$Table$$Limit                     0x080170cc   Number         0  anon$$obj.o(Region$$Table)
    m_FIFO_Debug                             0x20000000   Data           4  hw_init.o(.data)
    m_FIFO_XFS                               0x20000004   Data           4  hw_init.o(.data)
    m_FIFO_I2411E                            0x20000008   Data           4  hw_init.o(.data)
    m_FIFO_M35                               0x2000000c   Data           4  hw_init.o(.data)
    m_FIFO_RJMU101                           0x20000010   Data           4  hw_init.o(.data)
    EleDB_Type                               0x20000022   Data           1  gtw_eledriver.o(.data)
    EleDB_Num                                0x20000023   Data           1  gtw_eledriver.o(.data)
    Flag_NeweTicket                          0x20000024   Data           1  gtw_policeapp.o(.data)
    GPRS_LocationTime                        0x20000028   Data           2  gtw_serverapp.o(.data)
    Flag_IllegalParkCancel                   0x2000002a   Data           1  gtw_serverapp.o(.data)
    m_gprs                                   0x2000002c   Data           8  gtw_serverapp.o(.data)
    Flag_Setup_SMS                           0x20000036   Data           1  gtw_setupapp.o(.data)
    Flag_Setup_LAMP                          0x20000037   Data           1  gtw_setupapp.o(.data)
    DriverLicIndex                           0x20000038   Data           1  gtw_illegal.o(.data)
    Flag_LimitSpeed                          0x20000039   Data           1  gtw_illegal.o(.data)
    Flag_LimitRun                            0x2000003a   Data           1  gtw_illegal.o(.data)
    Flag_ChangeLight                         0x2000003b   Data           1  gtw_illegal.o(.data)
    Flag_DrivePlayPhone                      0x2000003c   Data           1  gtw_illegal.o(.data)
    Flag_NoDriverLic                         0x2000003d   Data           1  gtw_illegal.o(.data)
    Flag_ApplyResult                         0x2000003e   Data           1  gtw_illegal.o(.data)
    m_flagSave                               0x200000b4   Data           1  flash_user.o(.data)
    m_delaySave                              0x200000b6   Data           2  flash_user.o(.data)
    ViolenceTotal                            0x200000b8   Data           4  flash_user.o(.data)
    ViolenceUntreated                        0x200000bc   Data           4  flash_user.o(.data)
    Si4432_SendTimeOut                       0x200000c0   Data           1  radio_user.o(.data)
    Fla_ReadTicketCmd                        0x200000c1   Data           1  radio_user.o(.data)
    Flag_InspectCmd                          0x200000c2   Data           1  radio_user.o(.data)
    Flag_SendEPN                             0x200000c3   Data           1  radio_user.o(.data)
    CheckerAnswer_index                      0x200000c4   Data           1  radio_user.o(.data)
    CheckerAnswer_timer                      0x200000c8   Data           4  radio_user.o(.data)
    Si4432_TimeSendChangeLight               0x200000cc   Data           2  radio_user.o(.data)
    Si4432_TimeSendSn                        0x200000ce   Data           2  radio_user.o(.data)
    CheckerAnswer_ID                         0x200000d4   Data           4  radio_user.o(.data)
    DataCollectorMsg                         0x200000d8   Data           6  radio_user.o(.data)
    GTW02_BoardCast_Msg                      0x200000de   Data           6  radio_user.o(.data)
    RF433_MsgMask                            0x200000e4   Data           1  radio_user.o(.data)
    RF433_MsgData                            0x200000e5   Data           1  radio_user.o(.data)
    Dir_SGroup                               0x200000e6   Data           3  radio_user.o(.data)
    I2411E_TimeCount                         0x200000f8   Data           2  wifibt_user.o(.data)
    iwUART3_Rx                               0x200000fc   Data           4  wifibt_user.o(.data)
    FlagTerminalStat                         0x20000100   Data           1  wifibt_user.o(.data)
    Time_OperDoor                            0x20000104   Data           4  wifibt_user.o(.data)
    Wifi_TimeOver                            0x20000108   Data           4  wifibt_user.o(.data)
    Flag_I2411E_Ready                        0x2000010c   Data           1  wifibt_user.o(.data)
    Flag_I2411E_Init                         0x2000010d   Data           1  wifibt_user.o(.data)
    Flag_I2411E_Rename                       0x2000010e   Data           1  wifibt_user.o(.data)
    Count_I2411E_SCAN                        0x20000110   Data           2  wifibt_user.o(.data)
    Flag_FindCopName                         0x20000112   Data           1  wifibt_user.o(.data)
    Flag_RevCopData                          0x20000113   Data           1  wifibt_user.o(.data)
    Count_FindCop                            0x20000114   Data           2  wifibt_user.o(.data)
    Flag_FinishScan                          0x20000116   Data           1  wifibt_user.o(.data)
    Sys_RunTime                              0x20000134   Data           4  main.o(.data)
    TerminalStatus                           0x20000138   Data           1  main.o(.data)
    Sys_TimeCount                            0x2000013c   Data           4  calendar.o(.data)
    GPRS_CmdNow                              0x20000144   Data           1  gprs_gsm_driver.o(.data)
    M35_SignalQ                              0x20000145   Data           1  gprs_gsm_driver.o(.data)
    M35_TimeCount                            0x20000146   Data           2  gprs_gsm_driver.o(.data)
    wftlF                                    0x2000014c   Data           1  io_detection.o(.data)
    wftlH                                    0x2000014d   Data           1  io_detection.o(.data)
    wftH                                     0x20000150   Data           8  io_detection.o(.data)
    wftL                                     0x20000158   Data           8  io_detection.o(.data)
    wfl                                      0x20000160   Data           1  io_detection.o(.data)
    wfh                                      0x20000161   Data           1  io_detection.o(.data)
    Flag_si4432_RxBuf                        0x200001d7   Data           1  radio_driver.o(.data)
    ItStatus1                                0x200001d8   Data           1  radio_driver.o(.data)
    ItStatus2                                0x200001d9   Data           1  radio_driver.o(.data)
    Park_TimeOver                            0x200001dc   Data           2  stm32f10x_it.o(.data)
    TimingDelay                              0x200001e8   Data           4  utility.o(.data)
    GPS_Time                                 0x200001f0   Data           7  gps_driver.o(.data)
    txtDirection                             0x200001f7   Data          48  gps_driver.o(.data)
    Flag_RevGpsFinished                      0x20000227   Data           1  gps_driver.o(.data)
    RevGpsCount                              0x20000228   Data           2  gps_driver.o(.data)
    gpsx_direction                           0x2000022a   Data           1  gps_driver.o(.data)
    gpsx_speed                               0x2000022c   Data           4  gps_driver.o(.data)
    XFS_UART_RxBuffer                        0x2000023e   Data           1  speech.o(.data)
    XFS_TimeCount                            0x20000240   Data           2  speech.o(.data)
    iwTTS                                    0x20000242   Data           1  speech.o(.data)
    irTTS                                    0x20000243   Data           1  speech.o(.data)
    WaitTime                                 0x20000248   Data           4  smartcard.o(.data)
    jj                                       0x20000250   Data           4  smartcard.o(.data)
    SystemCoreClock                          0x20000268   Data           4  system_stm32f10x.o(.data)
    AHBPrescTable                            0x2000026c   Data          16  system_stm32f10x.o(.data)
    OS_CPU_ExceptStkBase                     0x2000027c   Data           4  os_cpu_c.o(.data)
    OSPrioTbl                                0x20000280   Data           4  os_prio.o(.data)
    OSIdleTaskCtr                            0x20000284   Data           4  os_var.o(.data)
    OSIntNestingCtr                          0x20000288   Data           1  os_var.o(.data)
    OSRunning                                0x20000289   Data           1  os_var.o(.data)
    OSIntQInPtr                              0x2000028c   Data           4  os_var.o(.data)
    OSIntQOutPtr                             0x20000290   Data           4  os_var.o(.data)
    OSIntQNbrEntries                         0x20000294   Data           2  os_var.o(.data)
    OSIntQNbrEntriesMax                      0x20000296   Data           2  os_var.o(.data)
    OSIntQOvfCtr                             0x20000298   Data           2  os_var.o(.data)
    OSIntQTaskTimeMax                        0x2000029c   Data           4  os_var.o(.data)
    OSFlagDbgListPtr                         0x200002a0   Data           4  os_var.o(.data)
    OSFlagQty                                0x200002a4   Data           2  os_var.o(.data)
    OSMemDbgListPtr                          0x200002a8   Data           4  os_var.o(.data)
    OSMemQty                                 0x200002ac   Data           2  os_var.o(.data)
    OSMutexDbgListPtr                        0x200002b0   Data           4  os_var.o(.data)
    OSMutexQty                               0x200002b4   Data           2  os_var.o(.data)
    OSPrioCur                                0x200002b6   Data           1  os_var.o(.data)
    OSPrioHighRdy                            0x200002b7   Data           1  os_var.o(.data)
    OSPrioSaved                              0x200002b8   Data           1  os_var.o(.data)
    OSQDbgListPtr                            0x200002bc   Data           4  os_var.o(.data)
    OSQQty                                   0x200002c0   Data           2  os_var.o(.data)
    OSSchedLockNestingCtr                    0x200002c2   Data           1  os_var.o(.data)
    OSSchedRoundRobinDfltTimeQuanta          0x200002c4   Data           4  os_var.o(.data)
    OSSchedRoundRobinEn                      0x200002c8   Data           1  os_var.o(.data)
    OSSemDbgListPtr                          0x200002cc   Data           4  os_var.o(.data)
    OSSemQty                                 0x200002d0   Data           2  os_var.o(.data)
    OSStatResetFlag                          0x200002d2   Data           1  os_var.o(.data)
    OSStatTaskCPUUsage                       0x200002d4   Data           2  os_var.o(.data)
    OSStatTaskCPUUsageMax                    0x200002d6   Data           2  os_var.o(.data)
    OSStatTaskCtr                            0x200002d8   Data           4  os_var.o(.data)
    OSStatTaskCtrMax                         0x200002dc   Data           4  os_var.o(.data)
    OSStatTaskCtrRun                         0x200002e0   Data           4  os_var.o(.data)
    OSStatTaskRdy                            0x200002e4   Data           1  os_var.o(.data)
    OSStatTaskTimeMax                        0x200002e8   Data           4  os_var.o(.data)
    OSTaskCtxSwCtr                           0x200002ec   Data           4  os_var.o(.data)
    OSTaskDbgListPtr                         0x200002f0   Data           4  os_var.o(.data)
    OSTaskQty                                0x200002f4   Data           2  os_var.o(.data)
    OSTaskRegNextAvailID                     0x200002f6   Data           1  os_var.o(.data)
    OSTickCtr                                0x200002f8   Data           4  os_var.o(.data)
    OSTickTaskTimeMax                        0x200002fc   Data           4  os_var.o(.data)
    OSTmrDbgListPtr                          0x20000300   Data           4  os_var.o(.data)
    OSTmrQty                                 0x20000304   Data           2  os_var.o(.data)
    OSTmrTaskTimeMax                         0x20000308   Data           4  os_var.o(.data)
    OSTmrTickCtr                             0x2000030c   Data           4  os_var.o(.data)
    OSTmrUpdateCnt                           0x20000310   Data           4  os_var.o(.data)
    OSTmrUpdateCtr                           0x20000314   Data           4  os_var.o(.data)
    OSTCBCurPtr                              0x20000318   Data           4  os_var.o(.data)
    OSTCBHighRdyPtr                          0x2000031c   Data           4  os_var.o(.data)
    StatusInfo                               0x20000320   Data           2  usb_core.o(.data)
    Data_Mul_MaxPacketSize                   0x20000322   Data           1  usb_core.o(.data)
    EPindex                                  0x20000324   Data           1  usb_init.o(.data)
    pInformation                             0x20000328   Data           4  usb_init.o(.data)
    pProperty                                0x2000032c   Data           4  usb_init.o(.data)
    SaveState                                0x20000330   Data           2  usb_init.o(.data)
    wInterrupt_Mask                          0x20000332   Data           2  usb_init.o(.data)
    pUser_Standard_Requests                  0x20000334   Data           4  usb_init.o(.data)
    SaveRState                               0x20000338   Data           2  usb_int.o(.data)
    SaveTState                               0x2000033a   Data           2  usb_int.o(.data)
    USB_StringSerial                         0x2000033c   Data          26  usb_desc.o(.data)
    count_out                                0x20000358   Data           4  usb_endp.o(.data)
    count_in                                 0x2000035c   Data           4  usb_endp.o(.data)
    wIstr                                    0x20000360   Data           2  usb_istr.o(.data)
    bIntPackSOF                              0x20000362   Data           1  usb_istr.o(.data)
    pEpInt_IN                                0x20000364   Data          28  usb_istr.o(.data)
    pEpInt_OUT                               0x20000380   Data          28  usb_istr.o(.data)
    ProtocolValue                            0x2000039c   Data           4  usb_prop.o(.data)
    Request                                  0x200003a0   Data           1  usb_prop.o(.data)
    linecoding                               0x200003a4   Data           8  usb_prop.o(.data)
    Device_Table                             0x200003ac   Data           2  usb_prop.o(.data)
    Device_Property                          0x200003b0   Data          48  usb_prop.o(.data)
    User_Standard_Requests                   0x200003e0   Data          36  usb_prop.o(.data)
    Device_Descriptor                        0x20000404   Data           8  usb_prop.o(.data)
    Config_Descriptor                        0x2000040c   Data           8  usb_prop.o(.data)
    String_Descriptor                        0x20000414   Data          32  usb_prop.o(.data)
    bDeviceState                             0x20000434   Data           4  usb_pwr.o(.data)
    fSuspendEnabled                          0x20000438   Data           1  usb_pwr.o(.data)
    ResumeS                                  0x20000439   Data           2  usb_pwr.o(.data)
    __microlib_freelist                      0x20000444   Data           4  mvars.o(.data)
    __microlib_freelist_initialised          0x20000448   Data           4  mvars.o(.data)
    gtw_RxBuf                                0x20000450   Data        2048  protocol.o(.bss)
    gtw_TxBuf                                0x20000c50   Data        2048  protocol.o(.bss)
    EleDB_Phone                              0x20001450   Data          16  gtw_eledriver.o(.bss)
    GTW_BurglarAlarm                         0x20001460   Data          12  gtw_serverapp.o(.bss)
    GTW_IllegalPark                          0x2000146c   Data          12  gtw_serverapp.o(.bss)
    GTW_MoveCar                              0x20001478   Data          12  gtw_serverapp.o(.bss)
    Ill_ETicket                              0x20001484   Data          80  gtw_serverapp.o(.bss)
    M35_TxBuf                                0x200014d4   Data         256  gtw_serverapp.o(.bss)
    update                                   0x200015d4   Data        1092  gtw_userapp.o(.bss)
    updateInfo                               0x20001a18   Data          54  gtw_userapp.o(.bss)
    Phone_MoveCar                            0x20001a4e   Data          16  gtw_userapp.o(.bss)
    debug_buf                                0x20001d80   Data         512  debug.o(.bss)
    Debug_RxBuffer                           0x20001f80   Data         100  debug.o(.bss)
    ApplyLicense                             0x20001fe4   Data         624  elecdriverlic.o(.bss)
    m_carinfo                                0x20002258   Data         552  flash_user.o(.bss)
    S_Timer                                  0x20002480   Data          16  radio_user.o(.bss)
    m_var                                    0x200024e8   Data          36  main.o(.bss)
    STMFLASH_BUF                             0x2000250c   Data        1024  stm32flash.o(.bss)
    iapbuf                                   0x2000290c   Data        1024  stm32flash.o(.bss)
    Sys_CalendarTime                         0x20002d0c   Data          10  calendar.o(.bss)
    m_Phone                                  0x20002d7a   Data          17  gprs_gsm_driver.o(.bss)
    Car_InputCheck                           0x20002d8b   Data          12  io_detection.o(.bss)
    Car_SetupCheck                           0x20002d97   Data          12  io_detection.o(.bss)
    Car_InputCheck_Last                      0x20002da3   Data          12  io_detection.o(.bss)
    Si4432_RxBuf                             0x20002daf   Data          64  radio_driver.o(.bss)
    Si4432_TxBuf                             0x20002def   Data          64  radio_driver.o(.bss)
    gpsx                                     0x20002e2f   Data         171  gps_driver.o(.bss)
    GPS_RxBuff                               0x20002eda   Data         512  gps_driver.o(.bss)
    XFS_Buffer                               0x200030da   Data        2880  speech.o(.bss)
    OSCfg_IdleTaskStk                        0x20003c1c   Data         256  os_cfg_app.o(.bss)
    OSCfg_IntQ                               0x20003d1c   Data         320  os_cfg_app.o(.bss)
    OSCfg_IntQTaskStk                        0x20003e5c   Data         512  os_cfg_app.o(.bss)
    OSCfg_ISRStk                             0x2000405c   Data         512  os_cfg_app.o(.bss)
    OSCfg_MsgPool                            0x2000425c   Data        1600  os_cfg_app.o(.bss)
    OSCfg_StatTaskStk                        0x2000489c   Data         512  os_cfg_app.o(.bss)
    OSCfg_TickTaskStk                        0x20004a9c   Data         512  os_cfg_app.o(.bss)
    OSCfg_TickWheel                          0x20004c9c   Data         136  os_cfg_app.o(.bss)
    OSCfg_TmrTaskStk                         0x20004d24   Data         512  os_cfg_app.o(.bss)
    OSCfg_TmrWheel                           0x20004f24   Data         136  os_cfg_app.o(.bss)
    OSIdleTaskTCB                            0x20004fac   Data         192  os_var.o(.bss)
    OSIntQTaskTCB                            0x2000506c   Data         192  os_var.o(.bss)
    OSMsgPool                                0x2000512c   Data          12  os_var.o(.bss)
    OSRdyList                                0x20005138   Data         384  os_var.o(.bss)
    OSStatTaskTCB                            0x200052b8   Data         192  os_var.o(.bss)
    OSTickTaskTCB                            0x20005378   Data         192  os_var.o(.bss)
    OSTmrTaskTCB                             0x20005438   Data         192  os_var.o(.bss)
    Device_Info                              0x200054f8   Data          28  usb_init.o(.bss)
    buffer_out                               0x20005514   Data          64  usb_endp.o(.bss)
    buffer_in                                0x20005554   Data          64  usb_endp.o(.bss)
    __heap_base                              0x20005598   Data           0  startup_stm32f10x_hd.o(HEAP)
    __heap_limit                             0x20009598   Data           0  startup_stm32f10x_hd.o(HEAP)
    __initial_sp                             0x2000b598   Data           0  startup_stm32f10x_hd.o(STACK)



==============================================================================

Memory Map of the image

  Image Entry point : 0x08002131

  Load Region LR_IROM1 (Base: 0x08002000, Size: 0x0001551c, Max: 0x00040000, ABSOLUTE, COMPRESSED[0x000151b4])

    Execution Region ER_IROM1 (Base: 0x08002000, Size: 0x000150cc, Max: 0x00040000, ABSOLUTE)

    Base Addr    Size         Type   Attr      Idx    E Section Name        Object

    0x08002000   0x00000130   Data   RO         6096    RESET               startup_stm32f10x_hd.o
    0x08002130   0x00000000   Code   RO         8831  * .ARM.Collect$$$$00000000  mc_w.l(entry.o)
    0x08002130   0x00000004   Code   RO         9217    .ARM.Collect$$$$00000001  mc_w.l(entry2.o)
    0x08002134   0x00000004   Code   RO         9220    .ARM.Collect$$$$00000004  mc_w.l(entry5.o)
    0x08002138   0x00000000   Code   RO         9222    .ARM.Collect$$$$00000008  mc_w.l(entry7b.o)
    0x08002138   0x00000000   Code   RO         9224    .ARM.Collect$$$$0000000A  mc_w.l(entry8b.o)
    0x08002138   0x00000008   Code   RO         9225    .ARM.Collect$$$$0000000B  mc_w.l(entry9a.o)
    0x08002140   0x00000000   Code   RO         9227    .ARM.Collect$$$$0000000D  mc_w.l(entry10a.o)
    0x08002140   0x00000000   Code   RO         9229    .ARM.Collect$$$$0000000F  mc_w.l(entry11a.o)
    0x08002140   0x00000004   Code   RO         9218    .ARM.Collect$$$$00002712  mc_w.l(entry2.o)
    0x08002144   0x00000024   Code   RO         6097    .text               startup_stm32f10x_hd.o
    0x08002168   0x00000034   Code   RO         6303    .text               cpu_a.o
    0x0800219c   0x00000024   Code   RO         8836    .text               mc_w.l(rand.o)
    0x080021c0   0x00000024   Code   RO         8839    .text               mc_w.l(memcpya.o)
    0x080021e4   0x00000024   Code   RO         8841    .text               mc_w.l(memseta.o)
    0x08002208   0x00000024   Code   RO         8843    .text               mc_w.l(strstr.o)
    0x0800222c   0x0000000e   Code   RO         8845    .text               mc_w.l(strlen.o)
    0x0800223a   0x0000001c   Code   RO         8847    .text               mc_w.l(strcmp.o)
    0x08002256   0x0000001a   Code   RO         8849    .text               mc_w.l(memcmp.o)
    0x08002270   0x00000012   Code   RO         8851    .text               mc_w.l(strcpy.o)
    0x08002282   0x00000002   PAD
    0x08002284   0x00000044   Code   RO         8853    .text               mc_w.l(strtok.o)
    0x080022c8   0x00000030   Code   RO         8859    .text               mc_w.l(strlcpy.o)
    0x080022f8   0x0000001a   Code   RO         9152    .text               mc_w.l(atoi.o)
    0x08002312   0x000000b0   Code   RO         9154    .text               mf_w.l(fadd.o)
    0x080023c2   0x00000064   Code   RO         9156    .text               mf_w.l(fmul.o)
    0x08002426   0x0000007c   Code   RO         9158    .text               mf_w.l(fdiv.o)
    0x080024a2   0x0000014e   Code   RO         9160    .text               mf_w.l(dadd.o)
    0x080025f0   0x000000e4   Code   RO         9162    .text               mf_w.l(dmul.o)
    0x080026d4   0x000000de   Code   RO         9164    .text               mf_w.l(ddiv.o)
    0x080027b2   0x00000012   Code   RO         9166    .text               mf_w.l(fflti.o)
    0x080027c4   0x0000000a   Code   RO         9168    .text               mf_w.l(ffltui.o)
    0x080027ce   0x00000022   Code   RO         9170    .text               mf_w.l(dflti.o)
    0x080027f0   0x0000001a   Code   RO         9172    .text               mf_w.l(dfltui.o)
    0x0800280a   0x00000028   Code   RO         9174    .text               mf_w.l(ffixui.o)
    0x08002832   0x00000026   Code   RO         9176    .text               mf_w.l(f2d.o)
    0x08002858   0x00000030   Code   RO         9178    .text               mf_w.l(cdcmple.o)
    0x08002888   0x00000030   Code   RO         9180    .text               mf_w.l(cdrcmple.o)
    0x080028b8   0x00000038   Code   RO         9182    .text               mf_w.l(d2f.o)
    0x080028f0   0x00000014   Code   RO         9184    .text               mf_w.l(cfcmple.o)
    0x08002904   0x00000014   Code   RO         9186    .text               mf_w.l(cfrcmple.o)
    0x08002918   0x0000002c   Code   RO         9232    .text               mc_w.l(uidiv.o)
    0x08002944   0x00000062   Code   RO         9234    .text               mc_w.l(uldiv.o)
    0x080029a6   0x0000001e   Code   RO         9236    .text               mc_w.l(llshl.o)
    0x080029c4   0x00000024   Code   RO         9238    .text               mc_w.l(llsshr.o)
    0x080029e8   0x0000009c   Code   RO         9249    .text               mc_w.l(strtod.o)
    0x08002a84   0x00000070   Code   RO         9251    .text               mc_w.l(strtol.o)
    0x08002af4   0x00000000   Code   RO         9253    .text               mc_w.l(iusefp.o)
    0x08002af4   0x0000006e   Code   RO         9254    .text               mf_w.l(fepilogue.o)
    0x08002b62   0x000000ba   Code   RO         9256    .text               mf_w.l(depilogue.o)
    0x08002c1c   0x00000030   Code   RO         9262    .text               mf_w.l(dfixul.o)
    0x08002c4c   0x00000024   Code   RO         9264    .text               mc_w.l(init.o)
    0x08002c70   0x00000020   Code   RO         9266    .text               mc_w.l(llushr.o)
    0x08002c90   0x00000008   Code   RO         9270    .text               mc_w.l(ctype_o.o)
    0x08002c98   0x00000012   Code   RO         9292    .text               mc_w.l(isspace_o.o)
    0x08002caa   0x00000002   PAD
    0x08002cac   0x00000338   Code   RO         9298    .text               mc_w.l(scanf_fp.o)
    0x08002fe4   0x00000040   Code   RO         9302    .text               mc_w.l(_sgetc.o)
    0x08003024   0x0000009e   Code   RO         9304    .text               mc_w.l(_strtoul.o)
    0x080030c2   0x0000001c   Code   RO         9309    .text               mc_w.l(_chval.o)
    0x080030de   0x00000018   Code   RO         9311    .text               mf_w.l(dfltul.o)
    0x080030f6   0x00000056   Code   RO         9321    .text               mc_w.l(__dczerorl2.o)
    0x0800314c   0x00000084   Code   RO         7913    CODE                os_cpu_a.o
    0x080031d0   0x000000d0   Code   RO          494    i.AbnomalSpeed_json_packet  gtw_policeapp.o
    0x080032a0   0x0000003c   Code   RO         1096    i.ApplyLicInit      elecdriverlic.o
    0x080032dc   0x00000032   Code   RO         1998    i.Asc2Byte          utility.o
    0x0800330e   0x0000003c   Code   RO         1999    i.Asc2Float         utility.o
    0x0800334a   0x0000002e   Code   RO         2000    i.Asc2Word          utility.o
    0x08003378   0x00000010   Code   RO         3302    i.BKP_DeInit        stm32f10x_bkp.o
    0x08003388   0x0000001c   Code   RO         3306    i.BKP_RTCOutputConfig  stm32f10x_bkp.o
    0x080033a4   0x0000001c   Code   RO         3307    i.BKP_ReadBackupRegister  stm32f10x_bkp.o
    0x080033c0   0x0000000c   Code   RO         3309    i.BKP_TamperPinCmd  stm32f10x_bkp.o
    0x080033cc   0x0000001c   Code   RO         3311    i.BKP_WriteBackupRegister  stm32f10x_bkp.o
    0x080033e8   0x00000004   Code   RO         1916    i.BusFault_Handler  stm32f10x_it.o
    0x080033ec   0x00000388   Code   RO          904    i.BusRunAtNight     gtw_illegal.o
    0x08003774   0x00000028   Code   RO         2003    i.Byte2Bcd          utility.o
    0x0800379c   0x0000000c   Code   RO         8136    i.ByteSwap          usb_regs.o
    0x080037a8   0x00000008   Code   RO         1385    i.CPU_TS_TmrRd      main.o
    0x080037b0   0x00000328   Code   RO         8089    i.CTR_LP            usb_int.o
    0x08003ad8   0x00000034   Code   RO         8137    i.ClearDTOG_RX      usb_regs.o
    0x08003b0c   0x00000034   Code   RO         8138    i.ClearDTOG_TX      usb_regs.o
    0x08003b40   0x00000020   Code   RO         8143    i.Clear_Status_Out  usb_regs.o
    0x08003b60   0x00000002   Code   RO            1    i.DEBUG_Config      hw_init.o
    0x08003b62   0x00000002   PAD
    0x08003b64   0x00000034   Code   RO            2    i.DMA1_Channel3_IRQHandler  hw_init.o
    0x08003b98   0x0000001c   Code   RO         3783    i.DMA_ClearITPendingBit  stm32f10x_dma.o
    0x08003bb4   0x00000018   Code   RO         3784    i.DMA_Cmd           stm32f10x_dma.o
    0x08003bcc   0x0000002c   Code   RO         3788    i.DMA_GetITStatus   stm32f10x_dma.o
    0x08003bf8   0x000000c0   Code   RO         7916    i.DataStageIn       usb_core.o
    0x08003cb8   0x000000bc   Code   RO         7917    i.DataStageOut      usb_core.o
    0x08003d74   0x00000298   Code   RO         7918    i.Data_Setup0       usb_core.o
    0x0800400c   0x00000002   Code   RO         1917    i.DebugMon_Handler  stm32f10x_it.o
    0x0800400e   0x00000002   PAD
    0x08004010   0x00001bd0   Code   RO         1056    i.Debug_Analysis    debug.o
    0x08005be0   0x00000016   Code   RO         1057    i.Debug_Data        debug.o
    0x08005bf6   0x00000002   PAD
    0x08005bf8   0x00000284   Code   RO         1058    i.Debug_Printf      debug.o
    0x08005e7c   0x00000018   Code   RO         2005    i.Delay_ms          utility.o
    0x08005e94   0x00000020   Code   RO         2006    i.Delay_us          utility.o
    0x08005eb4   0x00000148   Code   RO         1386    i.Detect_VehicleStatus  main.o
    0x08005ffc   0x00000220   Code   RO          905    i.DrivePlayPhone    gtw_illegal.o
    0x0800621c   0x00000480   Code   RO          906    i.DriverVerify      gtw_illegal.o
    0x0800669c   0x00000002   Code   RO         8536    i.EP1_IN_Callback   usb_endp.o
    0x0800669e   0x00000002   PAD
    0x080066a0   0x0000003c   Code   RO         8537    i.EP1_OUT_Callback  usb_endp.o
    0x080066dc   0x0000000c   Code   RO         3855    i.EXTI_ClearITPendingBit  stm32f10x_exti.o
    0x080066e8   0x00000094   Code   RO         3860    i.EXTI_Init         stm32f10x_exti.o
    0x0800677c   0x0000004c   Code   RO         3913    i.FLASH_ErasePage   stm32f10x_flash.o
    0x080067c8   0x00000034   Code   RO         3914    i.FLASH_GetBank1Status  stm32f10x_flash.o
    0x080067fc   0x00000014   Code   RO         3923    i.FLASH_Lock        stm32f10x_flash.o
    0x08006810   0x00000040   Code   RO         3926    i.FLASH_ProgramHalfWord  stm32f10x_flash.o
    0x08006850   0x00000018   Code   RO         3931    i.FLASH_Unlock      stm32f10x_flash.o
    0x08006868   0x00000026   Code   RO         3935    i.FLASH_WaitForLastOperation  stm32f10x_flash.o
    0x0800688e   0x00000002   PAD
    0x08006890   0x00000244   Code   RO          907    i.FarLightInArea    gtw_illegal.o
    0x08006ad4   0x00000250   Code   RO          908    i.FarLightInMeet    gtw_illegal.o
    0x08006d24   0x00000384   Code   RO          909    i.FatiguDriving     gtw_illegal.o
    0x080070a8   0x000001c0   Code   RO         2153    i.GMTconvert        gps_driver.o
    0x08007268   0x00000116   Code   RO         4211    i.GPIO_Init         stm32f10x_gpio.o
    0x0800737e   0x00000002   PAD
    0x08007380   0x00000110   Code   RO            3    i.GPIO_Input_Config  hw_init.o
    0x08007490   0x00000070   Code   RO            4    i.GPIO_Output_Config  hw_init.o
    0x08007500   0x00000090   Code   RO         4213    i.GPIO_PinRemapConfig  stm32f10x_gpio.o
    0x08007590   0x00000012   Code   RO         4215    i.GPIO_ReadInputDataBit  stm32f10x_gpio.o
    0x080075a2   0x00000004   Code   RO         4218    i.GPIO_ResetBits    stm32f10x_gpio.o
    0x080075a6   0x00000004   Code   RO         4219    i.GPIO_SetBits      stm32f10x_gpio.o
    0x080075aa   0x0000000a   Code   RO         4222    i.GPIO_WriteBit     stm32f10x_gpio.o
    0x080075b4   0x00000038   Code   RO         2154    i.GPS_Analysis      gps_driver.o
    0x080075ec   0x000000b0   Code   RO            5    i.GPS_Config        hw_init.o
    0x0800769c   0x000004b4   Code   RO         2155    i.GPS_RxBufferProcess  gps_driver.o
    0x08007b50   0x00000118   Code   RO          371    i.GTW_Analysis      protocol.o
    0x08007c68   0x00000060   Code   RO          874    i.GTW_Broadcast     gtw_datacollector.o
    0x08007cc8   0x0000003c   Code   RO          875    i.GTW_CarTerminal   gtw_datacollector.o
    0x08007d04   0x00000058   Code   RO          876    i.GTW_DataCollector  gtw_datacollector.o
    0x08007d5c   0x0000003e   Code   RO          466    i.GTW_DriverBallApp  gtw_eledriver.o
    0x08007d9a   0x00000002   PAD
    0x08007d9c   0x0000009c   Code   RO          798    i.GTW_LightAPP      gtw_lightapp.o
    0x08007e38   0x000000ac   Code   RO          372    i.GTW_Packet        protocol.o
    0x08007ee4   0x000000d8   Code   RO          495    i.GTW_PoliceAPP     gtw_policeapp.o
    0x08007fbc   0x00000006   Code   RO          877    i.GTW_ReadTicket    gtw_datacollector.o
    0x08007fc2   0x00000002   PAD
    0x08007fc4   0x000001e8   Code   RO          373    i.GTW_ReceiveData   protocol.o
    0x080081ac   0x00000148   Code   RO          834    i.GTW_SetupAPP      gtw_setupapp.o
    0x080082f4   0x000001f8   Code   RO          646    i.GTW_UserAPP       gtw_userapp.o
    0x080084ec   0x00000110   Code   RO         1097    i.GetApplyData      elecdriverlic.o
    0x080085fc   0x00000008   Code   RO         1438    i.GetDistance       gps_user.o
    0x08008604   0x00000020   Code   RO         8155    i.GetEPRxAddr       usb_regs.o
    0x08008624   0x00000024   Code   RO         8156    i.GetEPRxCount      usb_regs.o
    0x08008648   0x00000020   Code   RO         8158    i.GetEPTxAddr       usb_regs.o
    0x08008668   0x00000088   Code   RO         1439    i.GetLocation       gps_user.o
    0x080086f0   0x00000050   Code   RO         1440    i.GetSpeed          gps_user.o
    0x08008740   0x000000f0   Code   RO          496    i.Get_AbnomalSpeed  gtw_policeapp.o
    0x08008830   0x000000c8   Code   RO          647    i.Get_AdjuctVolume  gtw_userapp.o
    0x080088f8   0x000000c0   Code   RO          835    i.Get_DetectInput   gtw_setupapp.o
    0x080089b8   0x000000b8   Code   RO          836    i.Get_DetectModular  gtw_setupapp.o
    0x08008a70   0x000000c0   Code   RO          648    i.Get_Distance      gtw_userapp.o
    0x08008b30   0x000000ac   Code   RO          467    i.Get_EleDriver_FollowCar  gtw_eledriver.o
    0x08008bdc   0x000002cc   Code   RO          468    i.Get_EleDriver_VerifyDriver  gtw_eledriver.o
    0x08008ea8   0x00000174   Code   RO          497    i.Get_EleTicket     gtw_policeapp.o
    0x0800901c   0x00000098   Code   RO          649    i.Get_ErrorNumber   gtw_userapp.o
    0x080090b4   0x00000284   Code   RO          650    i.Get_FirmwareUpdateData  gtw_userapp.o
    0x08009338   0x000001fc   Code   RO          651    i.Get_FirmwareUpdateInfo  gtw_userapp.o
    0x08009534   0x000000c0   Code   RO          652    i.Get_FollowCar     gtw_userapp.o
    0x080095f4   0x00000294   Code   RO          653    i.Get_IllegalContent  gtw_userapp.o
    0x08009888   0x00000150   Code   RO          654    i.Get_IllegalNumber  gtw_userapp.o
    0x080099d8   0x000001b0   Code   RO          655    i.Get_IllegalStamp  gtw_userapp.o
    0x08009b88   0x000000d0   Code   RO         1212    i.Get_Illegal_Untreated  radio_user.o
    0x08009c58   0x000000dc   Code   RO          837    i.Get_LAMPSelect    gtw_setupapp.o
    0x08009d34   0x000000f0   Code   RO          498    i.Get_LampChang     gtw_policeapp.o
    0x08009e24   0x000000c4   Code   RO          799    i.Get_LightChange   gtw_lightapp.o
    0x08009ee8   0x000000c4   Code   RO          656    i.Get_LogoutCar     gtw_userapp.o
    0x08009fac   0x0000018c   Code   RO          499    i.Get_MatterTicket  gtw_policeapp.o
    0x0800a138   0x00000130   Code   RO          657    i.Get_MoveCar       gtw_userapp.o
    0x0800a268   0x000000f8   Code   RO          500    i.Get_OBDdata       gtw_policeapp.o
    0x0800a360   0x000000bc   Code   RO          658    i.Get_PlayPhone     gtw_userapp.o
    0x0800a41c   0x00000084   Code   RO          501    i.Get_PoliceCheck   gtw_policeapp.o
    0x0800a4a0   0x000001b4   Code   RO          502    i.Get_ReadAccident  gtw_policeapp.o
    0x0800a654   0x00000078   Code   RO          801    i.Get_ReadSN        gtw_lightapp.o
    0x0800a6cc   0x00000084   Code   RO          659    i.Get_ReturnDrvBall  gtw_userapp.o
    0x0800a750   0x000000f0   Code   RO          503    i.Get_SafeBelt      gtw_policeapp.o
    0x0800a840   0x00000002   Code   RO         8590    i.Get_SerialNum     usb_prop.o
    0x0800a842   0x00000002   PAD
    0x0800a844   0x00000068   Code   RO          838    i.Get_StudyInput    gtw_setupapp.o
    0x0800a8ac   0x00000114   Code   RO          660    i.Get_TerminalData  gtw_userapp.o
    0x0800a9c0   0x00000090   Code   RO          661    i.Get_UpdateClock   gtw_userapp.o
    0x0800aa50   0x000004c8   Code   RO          662    i.Get_UpdateParameter  gtw_userapp.o
    0x0800af18   0x0000012c   Code   RO          663    i.Get_UpdatePhone   gtw_userapp.o
    0x0800b044   0x00000198   Code   RO          664    i.Get_UpdateSpeech  gtw_userapp.o
    0x0800b1dc   0x00000030   Code   RO          993    i.HEX_decode_char   decoding_carno.o
    0x0800b20c   0x00000004   Code   RO         1918    i.HardFault_Handler  stm32f10x_it.o
    0x0800b210   0x000000c8   Code   RO         1148    i.History_UseCar    flash_user.o
    0x0800b2d8   0x00000024   Code   RO         1295    i.I2411E_ChangeCarID  wifibt_user.o
    0x0800b2fc   0x00000014   Code   RO         1296    i.I2411E_ChangeCarStatus  wifibt_user.o
    0x0800b310   0x00000094   Code   RO            6    i.I2411E_Config     hw_init.o
    0x0800b3a4   0x000000dc   Code   RO         1297    i.I2411E_Inspection  wifibt_user.o
    0x0800b480   0x00000180   Code   RO         1298    i.I2411E_Process    wifibt_user.o
    0x0800b600   0x000000ec   Code   RO         1299    i.I2411E_SetName    wifibt_user.o
    0x0800b6ec   0x000000f8   Code   RO         1300    i.I24_CheckCopName  wifibt_user.o
    0x0800b7e4   0x00000050   Code   RO         1301    i.I24_CheckIMReady  wifibt_user.o
    0x0800b834   0x00000050   Code   RO         1302    i.I24_CheckScanEnd  wifibt_user.o
    0x0800b884   0x000001c8   Code   RO         1303    i.I24_ReceiveBuffer  wifibt_user.o
    0x0800ba4c   0x000000ac   Code   RO         1304    i.I24_SendBuffer    wifibt_user.o
    0x0800baf8   0x000000bc   Code   RO         1305    i.I24_SendBuffer_pack  wifibt_user.o
    0x0800bbb4   0x00000010   Code   RO         4528    i.IWDG_ReloadCounter  stm32f10x_iwdg.o
    0x0800bbc4   0x00000164   Code   RO          910    i.IllegalPark       gtw_illegal.o
    0x0800bd28   0x00000070   Code   RO         7919    i.In0_Process       usb_core.o
    0x0800bd98   0x0000019c   Code   RO         1757    i.Input_Study       io_detection.o
    0x0800bf34   0x0000001c   Code   RO         2008    i.IsDayOrNight      utility.o
    0x0800bf50   0x00000032   Code   RO         2156    i.IsLeapYear        gps_driver.o
    0x0800bf82   0x0000003a   Code   RO         1576    i.Is_Leap_Year      calendar.o
    0x0800bfbc   0x000000a0   Code   RO          504    i.Lamp_json_packet  gtw_policeapp.o
    0x0800c05c   0x000002ac   Code   RO          911    i.LimitSpeed        gtw_illegal.o
    0x0800c308   0x0000021c   Code   RO          912    i.LimitTrumpet      gtw_illegal.o
    0x0800c524   0x00000034   Code   RO         1708    i.M35_CheckCmd      gprs_gsm_driver.o
    0x0800c558   0x00000060   Code   RO         1709    i.M35_CheckSignal   gprs_gsm_driver.o
    0x0800c5b8   0x0000012c   Code   RO            8    i.M35_Config        hw_init.o
    0x0800c6e4   0x00000038   Code   RO         1710    i.M35_GetStatus     gprs_gsm_driver.o
    0x0800c71c   0x000010e0   Code   RO         1711    i.M35_Initialize    gprs_gsm_driver.o
    0x0800d7fc   0x00000420   Code   RO          589    i.M35_Process       gtw_serverapp.o
    0x0800dc1c   0x000000fc   Code   RO          590    i.M35_SendCarLocation  gtw_serverapp.o
    0x0800dd18   0x00000028   Code   RO         1712    i.M35_SendCmd       gprs_gsm_driver.o
    0x0800dd40   0x00000120   Code   RO          592    i.M35_SendIllegalPark  gtw_serverapp.o
    0x0800de60   0x000000fc   Code   RO          593    i.M35_SendSMS       gtw_serverapp.o
    0x0800df5c   0x000000a8   Code   RO            9    i.MCU_Initialize    hw_init.o
    0x0800e004   0x0000003c   Code   RO         2495    i.MPU_IIC_Ack       mpuiic.o
    0x0800e040   0x0000000a   Code   RO         2496    i.MPU_IIC_Delay     mpuiic.o
    0x0800e04a   0x00000002   PAD
    0x0800e04c   0x0000006c   Code   RO         2497    i.MPU_IIC_Init      mpuiic.o
    0x0800e0b8   0x0000003c   Code   RO         2498    i.MPU_IIC_NAck      mpuiic.o
    0x0800e0f4   0x0000005c   Code   RO         2499    i.MPU_IIC_Read_Byte  mpuiic.o
    0x0800e150   0x00000060   Code   RO         2500    i.MPU_IIC_Send_Byte  mpuiic.o
    0x0800e1b0   0x0000003c   Code   RO         2501    i.MPU_IIC_Start     mpuiic.o
    0x0800e1ec   0x0000003c   Code   RO         2502    i.MPU_IIC_Stop      mpuiic.o
    0x0800e228   0x00000058   Code   RO         2503    i.MPU_IIC_Wait_Ack  mpuiic.o
    0x0800e280   0x00000074   Code   RO         2405    i.MPU_Init          mpu6050.o
    0x0800e2f4   0x0000003a   Code   RO         2407    i.MPU_Read_Byte     mpu6050.o
    0x0800e32e   0x00000002   PAD
    0x0800e330   0x00000020   Code   RO         2504    i.MPU_SDA_IN        mpuiic.o
    0x0800e350   0x00000024   Code   RO         2505    i.MPU_SDA_OUT       mpuiic.o
    0x0800e374   0x00000010   Code   RO         2409    i.MPU_Set_Accel_Fsr  mpu6050.o
    0x0800e384   0x0000003a   Code   RO         2410    i.MPU_Set_LPF       mpu6050.o
    0x0800e3be   0x0000003a   Code   RO         2411    i.MPU_Set_Rate      mpu6050.o
    0x0800e3f8   0x00000044   Code   RO         2412    i.MPU_Write_Byte    mpu6050.o
    0x0800e43c   0x00000058   Code   RO         1630    i.MX25L128_BufferRead  flash_driver.o
    0x0800e494   0x00000122   Code   RO         1631    i.MX25L128_BufferWrite  flash_driver.o
    0x0800e5b6   0x00000002   PAD
    0x0800e5b8   0x00000018   Code   RO         1149    i.MX25L128_CreatSaveTask  flash_user.o
    0x0800e5d0   0x00000388   Code   RO         1150    i.MX25L128_Default  flash_user.o
    0x0800e958   0x0000007c   Code   RO           10    i.MX25L128_GPIO_Config  hw_init.o
    0x0800e9d4   0x00000068   Code   RO         1151    i.MX25L128_Illegal_Write  flash_user.o
    0x0800ea3c   0x00000134   Code   RO         1152    i.MX25L128_Illegal_Write_Base  flash_user.o
    0x0800eb70   0x00000164   Code   RO         1153    i.MX25L128_Initialize  flash_user.o
    0x0800ecd4   0x00000068   Code   RO         1633    i.MX25L128_Page_Write  flash_driver.o
    0x0800ed3c   0x00000048   Code   RO         1634    i.MX25L128_ReadByte  flash_driver.o
    0x0800ed84   0x000000ac   Code   RO         1154    i.MX25L128_SaveBase  flash_user.o
    0x0800ee30   0x00000048   Code   RO         1636    i.MX25L128_Sector_Erase  flash_driver.o
    0x0800ee78   0x00000024   Code   RO         1637    i.MX25L128_WREN     flash_driver.o
    0x0800ee9c   0x00000034   Code   RO         1638    i.MX25L128_WaitForWriteEnd  flash_driver.o
    0x0800eed0   0x00000064   Code   RO         1639    i.MX25L128_Word_Write  flash_driver.o
    0x0800ef34   0x00000084   Code   RO         1640    i.MX25L128_Word_read  flash_driver.o
    0x0800efb8   0x00000054   Code   RO         1641    i.MX25L128_WriteByte  flash_driver.o
    0x0800f00c   0x000000d4   Code   RO          913    i.MakeViolation     gtw_illegal.o
    0x0800f0e0   0x00000004   Code   RO         1919    i.MemManage_Handler  stm32f10x_it.o
    0x0800f0e4   0x000001d8   Code   RO         1213    i.Msg_Set_Sign_DataColl  radio_user.o
    0x0800f2bc   0x00000014   Code   RO         8772    i.MyUSB_Init        usb_main.o
    0x0800f2d0   0x00000134   Code   RO         2157    i.NMEA_BDGSV_Analysis  gps_driver.o
    0x0800f404   0x00000032   Code   RO         2158    i.NMEA_Comma_Pos    gps_driver.o
    0x0800f436   0x00000002   PAD
    0x0800f438   0x00000068   Code   RO         2159    i.NMEA_GNGGA_Analysis  gps_driver.o
    0x0800f4a0   0x000000b8   Code   RO         2160    i.NMEA_GNGSA_Analysis  gps_driver.o
    0x0800f558   0x00000224   Code   RO         2161    i.NMEA_GNRMC_Analysis  gps_driver.o
    0x0800f77c   0x00000070   Code   RO         2162    i.NMEA_GNVTG_Analysis  gps_driver.o
    0x0800f7ec   0x0000012c   Code   RO         2163    i.NMEA_GPGSV_Analysis  gps_driver.o
    0x0800f918   0x00000016   Code   RO         2164    i.NMEA_Pow          gps_driver.o
    0x0800f92e   0x000000ea   Code   RO         2165    i.NMEA_Str2num      gps_driver.o
    0x0800fa18   0x00000002   Code   RO         1920    i.NMI_Handler       stm32f10x_it.o
    0x0800fa1a   0x00000002   Code   RO         7920    i.NOP_Process       usb_core.o
    0x0800fa1c   0x00000112   Code   RO           11    i.NVIC_Configuration  hw_init.o
    0x0800fb2e   0x00000002   PAD
    0x0800fb30   0x00000070   Code   RO         3039    i.NVIC_Init         misc.o
    0x0800fba0   0x00000014   Code   RO         3040    i.NVIC_PriorityGroupConfig  misc.o
    0x0800fbb4   0x00000144   Code   RO         7921    i.NoData_Setup0     usb_core.o
    0x0800fcf8   0x000000e4   Code   RO         6793    i.OSIntExit         os_core.o
    0x0800fddc   0x00000054   Code   RO         7032    i.OSTaskSwHook      os_cpu_c.o
    0x0800fe30   0x00000044   Code   RO         7783    i.OSTimeTick        os_time.o
    0x0800fe74   0x00000002   Code   RO         7033    i.OSTimeTickHook    os_cpu_c.o
    0x0800fe76   0x00000002   PAD
    0x0800fe78   0x00000038   Code   RO         7034    i.OS_CPU_SysTickHandler  os_cpu_c.o
    0x0800feb0   0x000000fc   Code   RO         7190    i.OS_IntQPost       os_int.o
    0x0800ffac   0x00000028   Code   RO         7376    i.OS_PrioGetHighest  os_prio.o
    0x0800ffd4   0x00000024   Code   RO         7378    i.OS_PrioInsert     os_prio.o
    0x0800fff8   0x00000050   Code   RO         7922    i.Out0_Process      usb_core.o
    0x08010048   0x00000028   Code   RO         8118    i.PMAToUserBufferCopy  usb_mem.o
    0x08010070   0x0000003e   Code   RO           12    i.PVD_Config        hw_init.o
    0x080100ae   0x00000002   PAD
    0x080100b0   0x0000002c   Code   RO         1921    i.PVD_IRQHandler    stm32f10x_it.o
    0x080100dc   0x0000000c   Code   RO         4568    i.PWR_BackupAccessCmd  stm32f10x_pwr.o
    0x080100e8   0x00000014   Code   RO         4569    i.PWR_ClearFlag     stm32f10x_pwr.o
    0x080100fc   0x00000018   Code   RO         4573    i.PWR_GetFlagStatus  stm32f10x_pwr.o
    0x08010114   0x0000000c   Code   RO         4574    i.PWR_PVDCmd        stm32f10x_pwr.o
    0x08010120   0x00000018   Code   RO         4575    i.PWR_PVDLevelConfig  stm32f10x_pwr.o
    0x08010138   0x00000036   Code   RO         2009    i.PhoneAlign        utility.o
    0x0801016e   0x00000024   Code   RO         1098    i.PopApplyStack     elecdriverlic.o
    0x08010192   0x00000002   PAD
    0x08010194   0x00000048   Code   RO         7923    i.Post0_Process     usb_core.o
    0x080101dc   0x00000004   Code   RO         8700    i.PowerOn           usb_pwr.o
    0x080101e0   0x00000174   Code   RO          914    i.PreventSteal      gtw_illegal.o
    0x08010354   0x00000034   Code   RO         1099    i.PushApplyStack    elecdriverlic.o
    0x08010388   0x0000003a   Code   RO          407    i.QueueCreate       queue.o
    0x080103c2   0x00000002   PAD
    0x080103c4   0x00000020   Code   RO         4630    i.RCC_APB1PeriphClockCmd  stm32f10x_rcc.o
    0x080103e4   0x00000020   Code   RO         4631    i.RCC_APB1PeriphResetCmd  stm32f10x_rcc.o
    0x08010404   0x00000020   Code   RO         4632    i.RCC_APB2PeriphClockCmd  stm32f10x_rcc.o
    0x08010424   0x00000020   Code   RO         4633    i.RCC_APB2PeriphResetCmd  stm32f10x_rcc.o
    0x08010444   0x0000000c   Code   RO         4635    i.RCC_BackupResetCmd  stm32f10x_rcc.o
    0x08010450   0x00000028   Code   RO           13    i.RCC_Config        hw_init.o
    0x08010478   0x000000d4   Code   RO         4640    i.RCC_GetClocksFreq  stm32f10x_rcc.o
    0x0801054c   0x0000003c   Code   RO         4641    i.RCC_GetFlagStatus  stm32f10x_rcc.o
    0x08010588   0x00000034   Code   RO         4648    i.RCC_LSEConfig     stm32f10x_rcc.o
    0x080105bc   0x0000000c   Code   RO         4655    i.RCC_RTCCLKCmd     stm32f10x_rcc.o
    0x080105c8   0x00000010   Code   RO         4656    i.RCC_RTCCLKConfig  stm32f10x_rcc.o
    0x080105d8   0x0000000c   Code   RO         4658    i.RCC_USBCLKConfig  stm32f10x_rcc.o
    0x080105e4   0x00000094   Code   RO           14    i.RJMU101_Config    hw_init.o
    0x08010678   0x00000010   Code   RO         4829    i.RTC_ClearITPendingBit  stm32f10x_rtc.o
    0x08010688   0x000000ce   Code   RO           15    i.RTC_Config        hw_init.o
    0x08010756   0x00000002   PAD
    0x08010758   0x00000014   Code   RO         4830    i.RTC_EnterConfigMode  stm32f10x_rtc.o
    0x0801076c   0x00000014   Code   RO         4831    i.RTC_ExitConfigMode  stm32f10x_rtc.o
    0x08010780   0x00000014   Code   RO         4832    i.RTC_GetCounter    stm32f10x_rtc.o
    0x08010794   0x00000024   Code   RO         4835    i.RTC_GetITStatus   stm32f10x_rtc.o
    0x080107b8   0x0000010c   Code   RO         1577    i.RTC_GetTime       calendar.o
    0x080108c4   0x00000078   Code   RO         1578    i.RTC_Get_Week      calendar.o
    0x0801093c   0x000000d8   Code   RO         1579    i.RTC_IRQHandler    calendar.o
    0x08010a14   0x00000020   Code   RO         4836    i.RTC_ITConfig      stm32f10x_rtc.o
    0x08010a34   0x0000001c   Code   RO         4838    i.RTC_SetCounter    stm32f10x_rtc.o
    0x08010a50   0x00000020   Code   RO         4839    i.RTC_SetPrescaler  stm32f10x_rtc.o
    0x08010a70   0x000000c8   Code   RO         1580    i.RTC_SetTime       calendar.o
    0x08010b38   0x00000014   Code   RO         4840    i.RTC_WaitForLastTask  stm32f10x_rtc.o
    0x08010b4c   0x00000024   Code   RO         4841    i.RTC_WaitForSynchro  stm32f10x_rtc.o
    0x08010b70   0x00000010   Code   RO         2010    i.ReadData32Bit     utility.o
    0x08010b80   0x00000010   Code   RO         2011    i.ReadDataBit       utility.o
    0x08010b90   0x0000007c   Code   RO         1758    i.Read_C_Key        io_detection.o
    0x08010c0c   0x0000006c   Code   RO         1759    i.Read_CarStatus    io_detection.o
    0x08010c78   0x00000100   Code   RO         1760    i.Read_DeputyBelt   io_detection.o
    0x08010d78   0x00000098   Code   RO         1761    i.Read_DeputyBelt2  io_detection.o
    0x08010e10   0x000000f4   Code   RO         1762    i.Read_DriverBelt   io_detection.o
    0x08010f04   0x000000f0   Code   RO         1763    i.Read_DriverDoor   io_detection.o
    0x08010ff4   0x0000010c   Code   RO         1764    i.Read_HighBeam     io_detection.o
    0x08011100   0x000001c0   Code   RO         1765    i.Read_Honk         io_detection.o
    0x080112c0   0x0000007c   Code   RO         1766    i.Read_IC1          io_detection.o
    0x0801133c   0x00000100   Code   RO         1767    i.Read_Ignite       io_detection.o
    0x0801143c   0x00000080   Code   RO         1768    i.Read_Key          io_detection.o
    0x080114bc   0x0000010c   Code   RO         1769    i.Read_LowBeam      io_detection.o
    0x080115c8   0x000000f0   Code   RO         1770    i.Read_SecondDoor   io_detection.o
    0x080116b8   0x00000088   Code   RO           16    i.SI4432_GPIO_Config  hw_init.o
    0x08011740   0x00000022   Code   RO         1534    i.STMFLASH_Read     stm32flash.o
    0x08011762   0x00000006   Code   RO         1535    i.STMFLASH_ReadHalfWord  stm32flash.o
    0x08011768   0x000000ec   Code   RO         1536    i.STMFLASH_Write    stm32flash.o
    0x08011854   0x00000058   Code   RO         1537    i.STMFLASH_WriteAppBin  stm32flash.o
    0x080118ac   0x00000030   Code   RO         1538    i.STMFLASH_Write_NoCheck  stm32flash.o
    0x080118dc   0x00000002   Code   RO         1923    i.SVC_Handler       stm32f10x_it.o
    0x080118de   0x00000002   PAD
    0x080118e0   0x000002dc   Code   RO          915    i.SafeBelt          gtw_illegal.o
    0x08011bbc   0x00000010   Code   RO         8166    i.SetBTABLE         usb_regs.o
    0x08011bcc   0x0000004c   Code   RO         7924    i.SetDeviceAddress  usb_core.o
    0x08011c18   0x00000024   Code   RO         8180    i.SetEPRxAddr       usb_regs.o
    0x08011c3c   0x0000004c   Code   RO         8181    i.SetEPRxCount      usb_regs.o
    0x08011c88   0x00000038   Code   RO         8182    i.SetEPRxStatus     usb_regs.o
    0x08011cc0   0x0000002c   Code   RO         8183    i.SetEPRxValid      usb_regs.o
    0x08011cec   0x00000020   Code   RO         8184    i.SetEPTxAddr       usb_regs.o
    0x08011d0c   0x0000001c   Code   RO         8185    i.SetEPTxCount      usb_regs.o
    0x08011d28   0x00000038   Code   RO         8186    i.SetEPTxStatus     usb_regs.o
    0x08011d60   0x0000002c   Code   RO         8187    i.SetEPTxValid      usb_regs.o
    0x08011d8c   0x00000024   Code   RO         8188    i.SetEPType         usb_regs.o
    0x08011db0   0x00000008   Code   RO         6047    i.SetSysClock       system_stm32f10x.o
    0x08011db8   0x000000e8   Code   RO         6048    i.SetSysClockTo72   system_stm32f10x.o
    0x08011ea0   0x00000012   Code   RO         8703    i.Set_USBClock      usb_pwr.o
    0x08011eb2   0x00000002   PAD
    0x08011eb4   0x000000b0   Code   RO         7925    i.Setup0_Process    usb_core.o
    0x08011f64   0x0000012c   Code   RO         1214    i.Si4432_CheckLight  radio_user.o
    0x08012090   0x000000f0   Code   RO         1215    i.Si4432_CheckerAnswer  radio_user.o
    0x08012180   0x00000220   Code   RO         1849    i.Si4432_Initialize  radio_driver.o
    0x080123a0   0x0000009c   Code   RO         1850    i.Si4432_ReadBuffer  radio_driver.o
    0x0801243c   0x00000044   Code   RO         1851    i.Si4432_ReadByte   radio_driver.o
    0x08012480   0x0000002c   Code   RO         1852    i.Si4432_ReadRegister  radio_driver.o
    0x080124ac   0x0000032c   Code   RO         1216    i.Si4432_RxBufferProcess  radio_user.o
    0x080127d8   0x00000048   Code   RO         1217    i.Si4432_SendBuffer  radio_user.o
    0x08012820   0x00000050   Code   RO         1218    i.Si4432_SendChangeLight  radio_user.o
    0x08012870   0x000000fc   Code   RO         1220    i.Si4432_SendTimer  radio_user.o
    0x0801296c   0x00000040   Code   RO         1221    i.Si4432_Send_EPlateNum  radio_user.o
    0x080129ac   0x00000180   Code   RO         1222    i.Si4432_Send_IllegalNum  radio_user.o
    0x08012b2c   0x00000046   Code   RO         1853    i.Si4432_SetRxMode  radio_driver.o
    0x08012b72   0x0000004e   Code   RO         1854    i.Si4432_SetTxMode  radio_driver.o
    0x08012bc0   0x00000058   Code   RO         1855    i.Si4432_WaitTxFinished  radio_driver.o
    0x08012c18   0x00000054   Code   RO         1856    i.Si4432_WriteByte  radio_driver.o
    0x08012c6c   0x00000030   Code   RO         1857    i.Si4432_WriteRegister  radio_driver.o
    0x08012c9c   0x0000015c   Code   RO         7926    i.Standard_ClearFeature  usb_core.o
    0x08012df8   0x0000002c   Code   RO         7927    i.Standard_GetConfiguration  usb_core.o
    0x08012e24   0x00000024   Code   RO         7928    i.Standard_GetDescriptorData  usb_core.o
    0x08012e48   0x0000002c   Code   RO         7929    i.Standard_GetInterface  usb_core.o
    0x08012e74   0x000000f0   Code   RO         7930    i.Standard_GetStatus  usb_core.o
    0x08012f64   0x00000048   Code   RO         7931    i.Standard_SetConfiguration  usb_core.o
    0x08012fac   0x00000028   Code   RO         7932    i.Standard_SetDeviceFeature  usb_core.o
    0x08012fd4   0x000000c0   Code   RO         7933    i.Standard_SetEndPointFeature  usb_core.o
    0x08013094   0x0000006c   Code   RO         7934    i.Standard_SetInterface  usb_core.o
    0x08013100   0x00000056   Code   RO         2012    i.Str2BcdDriverNo   utility.o
    0x08013156   0x00000032   Code   RO         2013    i.Str2BcdTime       utility.o
    0x08013188   0x00000138   Code   RO         1771    i.Study_CarStatus   io_detection.o
    0x080132c0   0x00000054   Code   RO         6050    i.SystemInit        system_stm32f10x.o
    0x08013314   0x00000030   Code   RO         2014    i.SystemReset       utility.o
    0x08013344   0x00000048   Code   RO         1387    i.SystemUpdate      main.o
    0x0801338c   0x00000060   Code   RO           21    i.TIM2_Config       hw_init.o
    0x080133ec   0x00000098   Code   RO         1925    i.TIM2_IRQHandler   stm32f10x_it.o
    0x08013484   0x00000064   Code   RO           22    i.TIM3_Config       hw_init.o
    0x080134e8   0x00000324   Code   RO         1926    i.TIM3_IRQHandler   stm32f10x_it.o
    0x0801380c   0x00000060   Code   RO           23    i.TIM4_Config       hw_init.o
    0x0801386c   0x0000002c   Code   RO         2166    i.TIM4_IRQHandler   gps_driver.o
    0x08013898   0x00000028   Code   RO         2167    i.TIM4_Set          gps_driver.o
    0x080138c0   0x00000006   Code   RO         5261    i.TIM_ClearFlag     stm32f10x_tim.o
    0x080138c6   0x00000006   Code   RO         5262    i.TIM_ClearITPendingBit  stm32f10x_tim.o
    0x080138cc   0x00000018   Code   RO         5267    i.TIM_Cmd           stm32f10x_tim.o
    0x080138e4   0x000001e8   Code   RO         5272    i.TIM_DeInit        stm32f10x_tim.o
    0x08013acc   0x00000022   Code   RO         5288    i.TIM_GetITStatus   stm32f10x_tim.o
    0x08013aee   0x00000012   Code   RO         5292    i.TIM_ITConfig      stm32f10x_tim.o
    0x08013b00   0x00000004   Code   RO         5332    i.TIM_SetCounter    stm32f10x_tim.o
    0x08013b04   0x000000a4   Code   RO         5338    i.TIM_TimeBaseInit  stm32f10x_tim.o
    0x08013ba8   0x000000b0   Code   RO         1581    i.TimeSync          calendar.o
    0x08013c58   0x00000050   Code   RO         1582    i.TimeToCharArray   calendar.o
    0x08013ca8   0x00000088   Code   RO         1306    i.UART4_IRQHandler  wifibt_user.o
    0x08013d30   0x0000008c   Code   RO         1713    i.UART5_IRQHandler  gprs_gsm_driver.o
    0x08013dbc   0x0000004c   Code   RO         2268    i.USART1_IRQHandler  speech.o
    0x08013e08   0x0000006c   Code   RO         2168    i.USART2_IRQHandler  gps_driver.o
    0x08013e74   0x00000012   Code   RO         5799    i.USART_ClearFlag   stm32f10x_usart.o
    0x08013e86   0x0000001e   Code   RO         5800    i.USART_ClearITPendingBit  stm32f10x_usart.o
    0x08013ea4   0x00000018   Code   RO         5803    i.USART_Cmd         stm32f10x_usart.o
    0x08013ebc   0x0000001a   Code   RO         5806    i.USART_GetFlagStatus  stm32f10x_usart.o
    0x08013ed6   0x00000054   Code   RO         5807    i.USART_GetITStatus  stm32f10x_usart.o
    0x08013f2a   0x0000004a   Code   RO         5809    i.USART_ITConfig    stm32f10x_usart.o
    0x08013f74   0x000000d8   Code   RO         5810    i.USART_Init        stm32f10x_usart.o
    0x0801404c   0x0000000a   Code   RO         5817    i.USART_ReceiveData  stm32f10x_usart.o
    0x08014056   0x00000008   Code   RO         5820    i.USART_SendData    stm32f10x_usart.o
    0x0801405e   0x00000002   PAD
    0x08014060   0x00000064   Code   RO         8591    i.USB_Data_Setup    usb_prop.o
    0x080140c4   0x0000002c   Code   RO           25    i.USB_GPIO_Config   hw_init.o
    0x080140f0   0x00000014   Code   RO         8592    i.USB_GetConfigDescriptor  usb_prop.o
    0x08014104   0x00000014   Code   RO         8593    i.USB_GetDeviceDescriptor  usb_prop.o
    0x08014118   0x0000001c   Code   RO         8594    i.USB_GetLineCoding  usb_prop.o
    0x08014134   0x00000028   Code   RO         8595    i.USB_GetStringDescriptor  usb_prop.o
    0x0801415c   0x00000016   Code   RO         8596    i.USB_Get_Interface_Setting  usb_prop.o
    0x08014172   0x00000002   PAD
    0x08014174   0x0000003c   Code   RO         8065    i.USB_Init          usb_init.o
    0x080141b0   0x00000022   Code   RO           26    i.USB_Interrupts_Config  hw_init.o
    0x080141d2   0x00000002   PAD
    0x080141d4   0x00000074   Code   RO         8565    i.USB_Istr          usb_istr.o
    0x08014248   0x00000008   Code   RO         8773    i.USB_LP_CAN1_RX0_IRQHandler  usb_main.o
    0x08014250   0x00000028   Code   RO         8597    i.USB_NoData_Setup  usb_prop.o
    0x08014278   0x000000d8   Code   RO         8598    i.USB_Reset         usb_prop.o
    0x08014350   0x00000018   Code   RO         8599    i.USB_SetConfiguration  usb_prop.o
    0x08014368   0x0000000c   Code   RO         8600    i.USB_SetDeviceAddress  usb_prop.o
    0x08014374   0x0000001c   Code   RO         8601    i.USB_SetLineCoding  usb_prop.o
    0x08014390   0x00000014   Code   RO         8602    i.USB_Status_In     usb_prop.o
    0x080143a4   0x00000002   Code   RO         8603    i.USB_Status_Out    usb_prop.o
    0x080143a6   0x00000002   PAD
    0x080143a8   0x00000044   Code   RO         8604    i.USB_init          usb_prop.o
    0x080143ec   0x00000004   Code   RO         1927    i.UsageFault_Handler  stm32f10x_it.o
    0x080143f0   0x0000001e   Code   RO         2015    i.Usart_SendByte    utility.o
    0x0801440e   0x00000020   Code   RO         2016    i.Usart_SendNByte   utility.o
    0x0801442e   0x0000001c   Code   RO         2017    i.Usart_SendString  utility.o
    0x0801444a   0x00000002   PAD
    0x0801444c   0x00000038   Code   RO         8119    i.UserToPMABufferCopy  usb_mem.o
    0x08014484   0x00000280   Code   RO          916    i.VehicleLimitRun   gtw_illegal.o
    0x08014704   0x00000030   Code   RO         1307    i.VerifyTelephone   wifibt_user.o
    0x08014734   0x000007a4   Code   RO          665    i.Verify_Driver     gtw_userapp.o
    0x08014ed8   0x00000038   Code   RO         1388    i.ViolationDetect   main.o
    0x08014f10   0x000000e4   Code   RO           27    i.XFS_Config        hw_init.o
    0x08014ff4   0x00000060   Code   RO         2269    i.XFS_Initialize    speech.o
    0x08015054   0x00000124   Code   RO         2270    i.XFS_Process       speech.o
    0x08015178   0x000000c8   Code   RO         2271    i.XFS_SetVolume     speech.o
    0x08015240   0x0000031c   Code   RO         2272    i.XFS_WriteBuffer   speech.o
    0x0801555c   0x00000028   Code   RO         9098    i.__0sprintf        mc_w.l(printfa.o)
    0x08015584   0x00000008   Code   RO         9242    i.__aeabi_errno_addr  mc_w.l(errno.o)
    0x0801558c   0x0000000c   Code   RO         9243    i.__read_errno      mc_w.l(errno.o)
    0x08015598   0x0000000e   Code   RO         9315    i.__scatterload_copy  mc_w.l(handlers.o)
    0x080155a6   0x00000002   Code   RO         9316    i.__scatterload_null  mc_w.l(handlers.o)
    0x080155a8   0x0000000e   Code   RO         9317    i.__scatterload_zeroinit  mc_w.l(handlers.o)
    0x080155b6   0x00000002   PAD
    0x080155b8   0x0000000c   Code   RO         9244    i.__set_errno       mc_w.l(errno.o)
    0x080155c4   0x00000184   Code   RO         9103    i._fp_digits        mc_w.l(printfa.o)
    0x08015748   0x0000000e   Code   RO         9300    i._is_digit         mc_w.l(scanf_fp.o)
    0x08015756   0x00000002   PAD
    0x08015758   0x000006dc   Code   RO         9104    i._printf_core      mc_w.l(printfa.o)
    0x08015e34   0x00000024   Code   RO         9105    i._printf_post_padding  mc_w.l(printfa.o)
    0x08015e58   0x0000002e   Code   RO         9106    i._printf_pre_padding  mc_w.l(printfa.o)
    0x08015e86   0x0000000a   Code   RO         9108    i._sputc            mc_w.l(printfa.o)
    0x08015e90   0x0000002a   Code   RO         8820    i.atof              m_ws.l(atof.o)
    0x08015eba   0x00000002   PAD
    0x08015ebc   0x000000a0   Code   RO          505    i.belt_json_packet  gtw_policeapp.o
    0x08015f5c   0x00000218   Code   RO          994    i.decoder_carno     decoding_carno.o
    0x08016174   0x0000009c   Code   RO          666    i.distance_json_packet  gtw_userapp.o
    0x08016210   0x00000064   Code   RO          506    i.eTicket_VoicePrompt  gtw_policeapp.o
    0x08016274   0x00000050   Code   RO         9124    i.free              mc_w.l(malloc.o)
    0x080162c4   0x00000096   Code   RO           28    i.get_crc16         hw_init.o
    0x0801635a   0x00000002   PAD
    0x0801635c   0x00000250   Code   RO          667    i.illegal_json_packet  gtw_userapp.o
    0x080165ac   0x00000010   Code   RO         1100    i.is_empty          elecdriverlic.o
    0x080165bc   0x0000003c   Code   RO         1101    i.is_emptyApplyData  elecdriverlic.o
    0x080165f8   0x00000010   Code   RO         1102    i.is_full           elecdriverlic.o
    0x08016608   0x00000180   Code   RO         1389    i.main              main.o
    0x08016788   0x0000006c   Code   RO         9125    i.malloc            mc_w.l(malloc.o)
    0x080167f4   0x000000b4   Code   RO          507    i.obd_json_packet   gtw_policeapp.o
    0x080168a8   0x0000009c   Code   RO         2169    i.total_distance    gps_driver.o
    0x08016944   0x00000020   Code   RO         8774    i.usb_SendBuf       usb_main.o
    0x08016964   0x0000000e   Data   RO           30    .constdata          hw_init.o
    0x08016972   0x00000002   PAD
    0x08016974   0x00000087   Data   RO          508    .constdata          gtw_policeapp.o
    0x080169fb   0x00000001   PAD
    0x080169fc   0x00000027   Data   RO          669    .constdata          gtw_userapp.o
    0x08016a23   0x000000c5   Data   RO          995    .constdata          decoding_carno.o
    0x08016ae8   0x00000018   Data   RO         1584    .constdata          calendar.o
    0x08016b00   0x000000a4   Data   RO         6770    .constdata          os_cfg_app.o
    0x08016ba4   0x0000009f   Data   RO         8496    .constdata          usb_desc.o
    0x08016c43   0x00000081   Data   RO         9271    .constdata          mc_w.l(ctype_o.o)
    0x08016cc4   0x00000004   Data   RO         9272    .constdata          mc_w.l(ctype_o.o)
    0x08016cc8   0x0000004f   Data   RO          670    .conststring        gtw_userapp.o
    0x08016d17   0x00000001   PAD
    0x08016d18   0x0000004a   Data   RO          839    .conststring        gtw_setupapp.o
    0x08016d62   0x00000002   PAD
    0x08016d64   0x000001c7   Data   RO          918    .conststring        gtw_illegal.o
    0x08016f2b   0x00000001   PAD
    0x08016f2c   0x00000073   Data   RO         1060    .conststring        debug.o
    0x08016f9f   0x00000001   PAD
    0x08016fa0   0x0000005d   Data   RO         1224    .conststring        radio_user.o
    0x08016ffd   0x00000003   PAD
    0x08017000   0x00000047   Data   RO         1309    .conststring        wifibt_user.o
    0x08017047   0x00000001   PAD
    0x08017048   0x00000063   Data   RO         1391    .conststring        main.o
    0x080170ab   0x00000001   PAD
    0x080170ac   0x00000020   Data   RO         9313    Region$$Table       anon$$obj.o


    Execution Region RW_IRAM1 (Base: 0x20000000, Size: 0x0000b598, Max: 0x0000c000, ABSOLUTE, COMPRESSED[0x000000e8])

    Base Addr    Size         Type   Attr      Idx    E Section Name        Object

    0x20000000   0x00000014   Data   RW           31    .data               hw_init.o
    0x20000014   0x0000000e   Data   RW          375    .data               protocol.o
    0x20000022   0x00000002   Data   RW          470    .data               gtw_eledriver.o
    0x20000024   0x00000001   Data   RW          509    .data               gtw_policeapp.o
    0x20000025   0x00000003   PAD
    0x20000028   0x0000000e   Data   RW          595    .data               gtw_serverapp.o
    0x20000036   0x00000002   Data   RW          840    .data               gtw_setupapp.o
    0x20000038   0x0000007c   Data   RW          919    .data               gtw_illegal.o
    0x200000b4   0x0000000c   Data   RW         1156    .data               flash_user.o
    0x200000c0   0x00000035   Data   RW         1225    .data               radio_user.o
    0x200000f5   0x00000003   PAD
    0x200000f8   0x0000003c   Data   RW         1310    .data               wifibt_user.o
    0x20000134   0x00000005   Data   RW         1392    .data               main.o
    0x20000139   0x00000003   PAD
    0x2000013c   0x00000006   Data   RW         1585    .data               calendar.o
    0x20000142   0x00000009   Data   RW         1715    .data               gprs_gsm_driver.o
    0x2000014b   0x00000001   PAD
    0x2000014c   0x0000007c   Data   RW         1773    .data               io_detection.o
    0x200001c8   0x00000012   Data   RW         1859    .data               radio_driver.o
    0x200001da   0x00000002   PAD
    0x200001dc   0x0000000c   Data   RW         1928    .data               stm32f10x_it.o
    0x200001e8   0x00000008   Data   RW         2022    .data               utility.o
    0x200001f0   0x0000004e   Data   RW         2171    .data               gps_driver.o
    0x2000023e   0x00000008   Data   RW         2274    .data               speech.o
    0x20000246   0x00000002   PAD
    0x20000248   0x0000000c   Data   RW         2326    .data               smartcard.o
    0x20000254   0x00000014   Data   RW         4660    .data               stm32f10x_rcc.o
    0x20000268   0x00000014   Data   RW         6051    .data               system_stm32f10x.o
    0x2000027c   0x00000004   Data   RW         7036    .data               os_cpu_c.o
    0x20000280   0x00000004   Data   RW         7380    .data               os_prio.o
    0x20000284   0x0000009c   Data   RW         7900    .data               os_var.o
    0x20000320   0x00000003   Data   RW         7935    .data               usb_core.o
    0x20000323   0x00000001   PAD
    0x20000324   0x00000014   Data   RW         8067    .data               usb_init.o
    0x20000338   0x00000004   Data   RW         8090    .data               usb_int.o
    0x2000033c   0x0000001a   Data   RW         8497    .data               usb_desc.o
    0x20000356   0x00000002   PAD
    0x20000358   0x00000008   Data   RW         8539    .data               usb_endp.o
    0x20000360   0x0000003c   Data   RW         8566    .data               usb_istr.o
    0x2000039c   0x00000098   Data   RW         8605    .data               usb_prop.o
    0x20000434   0x00000007   Data   RW         8705    .data               usb_pwr.o
    0x2000043b   0x00000001   PAD
    0x2000043c   0x00000004   Data   RW         8837    .data               mc_w.l(rand.o)
    0x20000440   0x00000004   Data   RW         8854    .data               mc_w.l(strtok.o)
    0x20000444   0x00000004   Data   RW         9240    .data               mc_w.l(mvars.o)
    0x20000448   0x00000004   Data   RW         9241    .data               mc_w.l(mvars.o)
    0x2000044c   0x00000004   Data   RW         9245    .data               mc_w.l(errno.o)
    0x20000450   0x00001000   Zero   RW          374    .bss                protocol.o
    0x20001450   0x00000010   Zero   RW          469    .bss                gtw_eledriver.o
    0x20001460   0x00000174   Zero   RW          594    .bss                gtw_serverapp.o
    0x200015d4   0x0000048a   Zero   RW          668    .bss                gtw_userapp.o
    0x20001a5e   0x00000002   PAD
    0x20001a60   0x00000320   Zero   RW          917    .bss                gtw_illegal.o
    0x20001d80   0x00000264   Zero   RW         1059    .bss                debug.o
    0x20001fe4   0x00000270   Zero   RW         1103    .bss                elecdriverlic.o
    0x20002254   0x00000004   PAD
    0x20002258   0x00000228   Zero   RW         1155    .bss                flash_user.o
    0x20002480   0x00000010   Zero   RW         1223    .bss                radio_user.o
    0x20002490   0x00000055   Zero   RW         1308    .bss                wifibt_user.o
    0x200024e5   0x00000003   PAD
    0x200024e8   0x00000024   Zero   RW         1390    .bss                main.o
    0x2000250c   0x00000800   Zero   RW         1539    .bss                stm32flash.o
    0x20002d0c   0x0000000a   Zero   RW         1583    .bss                calendar.o
    0x20002d16   0x00000075   Zero   RW         1714    .bss                gprs_gsm_driver.o
    0x20002d8b   0x00000024   Zero   RW         1772    .bss                io_detection.o
    0x20002daf   0x00000080   Zero   RW         1858    .bss                radio_driver.o
    0x20002e2f   0x000002ab   Zero   RW         2170    .bss                gps_driver.o
    0x200030da   0x00000b40   Zero   RW         2273    .bss                speech.o
    0x20003c1a   0x00000002   PAD
    0x20003c1c   0x00001390   Zero   RW         6769    .bss                os_cfg_app.o
    0x20004fac   0x0000054c   Zero   RW         7899    .bss                os_var.o
    0x200054f8   0x0000001c   Zero   RW         8066    .bss                usb_init.o
    0x20005514   0x00000080   Zero   RW         8538    .bss                usb_endp.o
    0x20005594   0x00000004   PAD
    0x20005598   0x00004000   Zero   RW         6095    HEAP                startup_stm32f10x_hd.o
    0x20009598   0x00002000   Zero   RW         6094    STACK               startup_stm32f10x_hd.o


==============================================================================

Image component sizes


      Code (inc. data)   RO Data    RW Data    ZI Data      Debug   Object Name

      1118        134         24          6         10       5456   calendar.o
         0          0          0          0          0         32   core_cm3.o
        52          0          0          0          0        268   cpu_a.o
         0          0          0          0          0       8777   cpu_c.o
      7786       1926        115          0        612       7072   debug.o
       584         12        197          0          0       9664   decoding_carno.o
       512         12          0          0        624       4789   elecdriverlic.o
      1030         44          0          0          0       6930   flash_driver.o
      2068        178          0         12        552      12216   flash_user.o
      4704       1170          0          9        117       7167   gprs_gsm_driver.o
      3968        418          0         78        683      14214   gps_driver.o
       224         42          0          0          0       1703   gps_user.o
       250         32          0          0          0       2599   gtw_datacollector.o
       950        242          0          2         16       3030   gtw_eledriver.o
      8208       1622        455        124        800      10922   gtw_illegal.o
       472         90          0          0          0       2054   gtw_lightapp.o
      3328        648        135          1          0      10643   gtw_policeapp.o
      1848        338          0         14        372      11589   gtw_serverapp.o
      1028        176         74          2          0       3860   gtw_setupapp.o
      9696       1732        118          0       1162      26291   gtw_userapp.o
      2968        164         14         20          0     291425   hw_init.o
      3580        724          0        124         36      11382   io_detection.o
       848        234         99          5         36       9462   main.o
       132         22          0          0          0       1391   misc.o
       374          0          0          0          0       3381   mpu6050.o
       702         52          0          0          0       5385   mpuiic.o
         0          0          0          0          0      18762   os_app_hooks.o
         0          0        164          0       5008      19516   os_cfg_app.o
       228         36          0          0          0        576   os_core.o
       132         32          0          0          0        288   os_cpu_a.o
       142         14          0          4          0       2147   os_cpu_c.o
       252         36          0          0          0       1218   os_int.o
        76          8          0          4          0       1596   os_prio.o
        68         14          0          0          0        509   os_time.o
         0          0          0        156       1356      18484   os_var.o
       940         74          0         14       4096       3692   protocol.o
        58          0          0          0          0        862   queue.o
      1180         66          0         18        128       6166   radio_driver.o
      2884        378         93         53         16      16057   radio_user.o
         0          0          0         12          0       2221   smartcard.o
      1460        112          0          8       2880       3970   speech.o
        36          8        304          0      24576        792   startup_stm32f10x_hd.o
       112         22          0          0          0       3481   stm32f10x_bkp.o
        96         18          0          0          0       3120   stm32f10x_dma.o
       160         12          0          0          0       1353   stm32f10x_exti.o
       274         30          0          0          0       3174   stm32f10x_flash.o
       458          6          0          0          0       4758   stm32f10x_gpio.o
      1022        176          0         12          0       4940   stm32f10x_it.o
        16          6          0          0          0        429   stm32f10x_iwdg.o
        92         28          0          0          0       2412   stm32f10x_pwr.o
       504         76          0         20          0       8259   stm32f10x_rcc.o
       260         48          0          0          0       4728   stm32f10x_rtc.o
       744        106          0          0          0       5008   stm32f10x_tim.o
       490          6          0          0          0       6909   stm32f10x_usart.o
       412         12          0          0       2048       4063   stm32flash.o
       324         28          0         20          0       2113   system_stm32f10x.o
      3010        288          0          3          0      16799   usb_core.o
         0          0        159         26          0       1753   usb_desc.o
        62         10          0          8        128       1583   usb_endp.o
        60         24          0         20         28       3854   usb_init.o
       808         34          0          4          0       1573   usb_int.o
       116         20          0         60          0       2148   usb_istr.o
        60          0          0          0          0       1432   usb_main.o
        96         10          0          0          0       1576   usb_mem.o
       642        110          0        152          0      11165   usb_prop.o
        22          0          0          7          0       5140   usb_pwr.o
       672        106          0          0          0       8663   usb_regs.o
       640         18          0          8          0      25244   utility.o
      2304        534         71         60         85       9670   wifibt_user.o

    ----------------------------------------------------------------------
     77396      12518       2067       1084      45384     713905   Object Totals
         0          0         32          0          0          0   (incl. Generated)
        54          0         13         18         15          0   (incl. Padding)

    ----------------------------------------------------------------------

      Code (inc. data)   RO Data    RW Data    ZI Data      Debug   Library Member Name

        42          0          0          0          0         84   atof.o
        86          0          0          0          0          0   __dczerorl2.o
        28          0          0          0          0         68   _chval.o
        64          0          0          0          0         84   _sgetc.o
       158          0          0          0          0         92   _strtoul.o
        26          0          0          0          0         80   atoi.o
         8          4        133          0          0         68   ctype_o.o
         0          0          0          0          0          0   entry.o
         0          0          0          0          0          0   entry10a.o
         0          0          0          0          0          0   entry11a.o
         8          4          0          0          0          0   entry2.o
         4          0          0          0          0          0   entry5.o
         0          0          0          0          0          0   entry7b.o
         0          0          0          0          0          0   entry8b.o
         8          4          0          0          0          0   entry9a.o
        32         16          0          4          0        204   errno.o
        30          0          0          0          0          0   handlers.o
        36          8          0          0          0         68   init.o
        18          0          0          0          0         76   isspace_o.o
         0          0          0          0          0          0   iusefp.o
        30          0          0          0          0         68   llshl.o
        36          0          0          0          0         68   llsshr.o
        32          0          0          0          0         68   llushr.o
       188         20          0          0          0        160   malloc.o
        26          0          0          0          0         80   memcmp.o
        36          0          0          0          0         68   memcpya.o
        36          0          0          0          0        108   memseta.o
         0          0          0          8          0          0   mvars.o
      2276         86          0          0          0        520   printfa.o
        36         10          0          4          0        136   rand.o
       838         12          0          0          0        216   scanf_fp.o
        28          0          0          0          0         76   strcmp.o
        18          0          0          0          0         68   strcpy.o
        48          0          0          0          0         76   strlcpy.o
        14          0          0          0          0         68   strlen.o
        36          0          0          0          0         80   strstr.o
       156         12          0          0          0        120   strtod.o
        68          6          0          4          0         80   strtok.o
       112          0          0          0          0         88   strtol.o
        44          0          0          0          0         80   uidiv.o
        98          0          0          0          0         92   uldiv.o
        48          0          0          0          0         68   cdcmple.o
        48          0          0          0          0         68   cdrcmple.o
        20          0          0          0          0         68   cfcmple.o
        20          0          0          0          0         68   cfrcmple.o
        56          0          0          0          0         88   d2f.o
       334          0          0          0          0        148   dadd.o
       222          0          0          0          0        100   ddiv.o
       186          0          0          0          0        176   depilogue.o
        48          0          0          0          0         68   dfixul.o
        34          0          0          0          0         76   dflti.o
        26          0          0          0          0         76   dfltui.o
        24          0          0          0          0         76   dfltul.o
       228          0          0          0          0         96   dmul.o
        38          0          0          0          0         68   f2d.o
       176          0          0          0          0        140   fadd.o
       124          0          0          0          0         88   fdiv.o
       110          0          0          0          0        168   fepilogue.o
        40          0          0          0          0         68   ffixui.o
        18          0          0          0          0         68   fflti.o
        10          0          0          0          0         68   ffltui.o
       100          0          0          0          0         76   fmul.o

    ----------------------------------------------------------------------
      6624        182        133         20          0       5064   Library Totals
        10          0          0          0          0          0   (incl. Padding)

    ----------------------------------------------------------------------

      Code (inc. data)   RO Data    RW Data    ZI Data      Debug   Library Name

        42          0          0          0          0         84   m_ws.l
      4662        182        133         20          0       3060   mc_w.l
      1910          0          0          0          0       1920   mf_w.l

    ----------------------------------------------------------------------
      6624        182        133         20          0       5064   Library Totals

    ----------------------------------------------------------------------

==============================================================================


      Code (inc. data)   RO Data    RW Data    ZI Data      Debug   

     84020      12700       2200       1104      45384     695593   Grand Totals
     84020      12700       2200        232      45384     695593   ELF Image Totals (compressed)
     84020      12700       2200        232          0          0   ROM Totals

==============================================================================

    Total RO  Size (Code + RO Data)                86220 (  84.20kB)
    Total RW  Size (RW Data + ZI Data)             46488 (  45.40kB)
    Total ROM Size (Code + RO Data + RW Data)      86452 (  84.43kB)

==============================================================================

